MPLINK 5.00, LINKER
Linker Map File - Created Thu Sep 25 20:15:39 2014

                                 Section Info
                  Section       Type    Address   Location Size(Bytes)
                ---------  ---------  ---------  ---------  ---------
               _entry_scn       code   0x000000    program   0x000006
       .code__user_putc.o       code   0x000006    program   0x000002
         button_interrupt       code   0x000008    program   0x00154a
                   .cinit    romdata   0x001552    program   0x000026
         .code_vfprintf.o       code   0x001578    program   0x000c22
             .code_main.o       code   0x00219a    program   0x000546
             .stringtable    romdata   0x0026e0    program   0x0000cb
        .romdata_uwrite.o    romdata   0x0027ab    program   0x000000
        .idata_uwrite.o_i    romdata   0x0027ab    program   0x000000
        .romdata___init.o    romdata   0x0027ab    program   0x000000
       .romdata_sprintf.o    romdata   0x0027ab    program   0x000000
         .romdata_uopen.o    romdata   0x0027ab    program   0x000000
       .idata_sprintf.o_i    romdata   0x0027ab    program   0x000000
         .idata_uopen.o_i    romdata   0x0027ab    program   0x000000
      .romdata_fxd3232u.o    romdata   0x0027ab    program   0x000000
       .idata_fxm3232.o_i    romdata   0x0027ab    program   0x000000
      .idata_fxd1616u.o_i    romdata   0x0027ab    program   0x000000
         .romdata_c018i.o    romdata   0x0027ab    program   0x000000
          .romdata_main.o    romdata   0x0027ab    program   0x000000
    .idata__user_putc.o_i    romdata   0x0027ab    program   0x000000
          .code_sprintf.o       code   0x0027ac    program   0x0000ac
            .code_udefs.o       code   0x0027ac    program   0x000000
               _cinit_scn       code   0x002858    program   0x00009e
            .code_uopen.o       code   0x0028f6    program   0x00008a
             .code_putc.o       code   0x002980    program   0x000084
          .code_fxm3232.o       code   0x002a04    program   0x000070
                   STRING       code   0x002a74    program   0x000066
                     PROG       code   0x002ada    program   0x00005a
         .code_fxd3232u.o       code   0x002b34    program   0x000048
            .code_uread.o       code   0x002b7c    program   0x00003e
             D10KTCYXCODE       code   0x002bba    program   0x00002e
           .code_uwrite.o       code   0x002be8    program   0x00002e
         .code_fxd1616u.o       code   0x002c16    program   0x00002c
                    CTYPE       code   0x002c42    program   0x000024
              D1KTCYXCODE       code   0x002c66    program   0x000020
                    .code       code   0x002c86    program   0x000020
             _startup_scn       code   0x002ca6    program   0x00001c
                    STDIO       code   0x002cc2    program   0x00001c
      .romdata_vfprintf.o    romdata   0x002cde    program   0x000011
      .idata_vfprintf.o_i    romdata   0x002cef    program   0x000000
    .romdata__user_putc.o    romdata   0x002cef    program   0x000000
      .idata_fxd3232u.o_i    romdata   0x002cef    program   0x000000
          .idata_putc.o_i    romdata   0x002cef    program   0x000000
          .romdata_putc.o    romdata   0x002cef    program   0x000000
         .idata_c018i.o_i    romdata   0x002cef    program   0x000000
        .idata___init.o_i    romdata   0x002cef    program   0x000000
         .romdata_udefs.o    romdata   0x002cef    program   0x000000
         .idata_udefs.o_i    romdata   0x002cef    program   0x000000
         .romdata_uread.o    romdata   0x002cef    program   0x000000
         .idata_uread.o_i    romdata   0x002cef    program   0x000000
       .romdata_fxm3232.o    romdata   0x002cef    program   0x000000
      .romdata_fxd1616u.o    romdata   0x002cef    program   0x000000
            .code_c018i.o       code   0x002cf0    program   0x000000
           .code___init.o       code   0x002cf0    program   0x000002
                 idata2_i    romdata   0x002cf2    program   0x0000aa
                 idata1_i    romdata   0x002d9c    program   0x000028
          .idata_main.o_i    romdata   0x002dc4    program   0x000034
    .config_300001_main.o    romdata   0x300001    program   0x000001
    .config_300002_main.o    romdata   0x300002    program   0x000001
    .config_300003_main.o    romdata   0x300003    program   0x000001
    .config_300005_main.o    romdata   0x300005    program   0x000001
    .config_300006_main.o    romdata   0x300006    program   0x000001
    .config_300008_main.o    romdata   0x300008    program   0x000001
                MATH_DATA      udata   0x000000       data   0x000014
                 .tmpdata      udata   0x000014       data   0x000010
                DELAYDAT2      udata   0x000024       data   0x000001
                DELAYDAT1      udata   0x000025       data   0x000001
            .udata_main.o      udata   0x000080       data   0x000064
           .udata_c018i.o      udata   0x0000e4       data   0x00000a
           .udata_udefs.o      udata   0x0000ee       data   0x000001
            .udata_putc.o      udata   0x0000ef       data   0x000000
        .idata_fxd3232u.o      idata   0x0000ef       data   0x000000
        .udata_fxd3232u.o      udata   0x0000ef       data   0x000000
      .idata__user_putc.o      idata   0x0000ef       data   0x000000
            .idata_putc.o      idata   0x0000ef       data   0x000000
        .idata_vfprintf.o      idata   0x0000ef       data   0x000000
        .udata_vfprintf.o      udata   0x0000ef       data   0x000000
         .idata_sprintf.o      idata   0x0000ef       data   0x000000
         .udata_sprintf.o      udata   0x0000ef       data   0x000000
          .idata___init.o      idata   0x0000ef       data   0x000000
          .udata___init.o      udata   0x0000ef       data   0x000000
          .idata_uwrite.o      idata   0x0000ef       data   0x000000
          .udata_uwrite.o      udata   0x0000ef       data   0x000000
      .udata__user_putc.o      udata   0x0000ef       data   0x000000
           .idata_udefs.o      idata   0x0000ef       data   0x000000
           .idata_uread.o      idata   0x0000ef       data   0x000000
           .udata_uread.o      udata   0x0000ef       data   0x000000
           .idata_uopen.o      idata   0x0000ef       data   0x000000
           .udata_uopen.o      udata   0x0000ef       data   0x000000
         .idata_fxm3232.o      idata   0x0000ef       data   0x000000
         .udata_fxm3232.o      udata   0x0000ef       data   0x000000
        .idata_fxd1616u.o      idata   0x0000ef       data   0x000000
        .udata_fxd1616u.o      udata   0x0000ef       data   0x000000
           .idata_c018i.o      idata   0x0000ef       data   0x000000
                   idata2      idata   0x000100       data   0x0000aa
            .idata_main.o      idata   0x0001aa       data   0x000034
                   .stack      udata   0x000e00       data   0x000100
                   idata1      idata   0x000f00       data   0x000028
            SFR_UNBANKED0      udata   0x000f80       data   0x000023
            SFR_UNBANKED1      udata   0x000fab       data   0x000055



                              Program Memory Usage 
                               Start         End      
                           ---------   ---------      
                            0x000000    0x0027aa      
                            0x0027ac    0x002cee      
                            0x002cf0    0x002df7      
                            0x300001    0x300003      
                            0x300005    0x300006      
                            0x300008    0x300008      
            11772 out of 65560 program addresses used, program memory utilization is 17%



                              Symbols - Sorted by Name
                     Name    Address   Location    Storage File                     
                ---------  ---------  ---------  --------- ---------                
                   D10K_1   0x002bc6    program     static E:\3.46\pic18-lt\cxx-framework\src\traditional\delays\d10ktcyx.asm
                    D10Kl   0x002bd2    program     static E:\3.46\pic18-lt\cxx-framework\src\traditional\delays\d10ktcyx.asm
                    D10Kx   0x002bc4    program     static E:\3.46\pic18-lt\cxx-framework\src\traditional\delays\d10ktcyx.asm
                    D1K_1   0x002c72    program     static E:\3.46\pic18-lt\cxx-framework\src\traditional\delays\d1ktcyx.asm
                     D1Kx   0x002c70    program     static E:\3.46\pic18-lt\cxx-framework\src\traditional\delays\d1ktcyx.asm
             Delay10KTCYx   0x002bba    program     extern E:\3.46\pic18-lt\cxx-framework\src\traditional\delays\d10ktcyx.asm
              Delay1KTCYx   0x002c66    program     extern E:\3.46\pic18-lt\cxx-framework\src\traditional\delays\d1ktcyx.asm
                 FXD1616U   0x002c16    program     extern E:\3.46\pic18-lt\cxx-framework\src\traditional\math\fxd1616u.c
                 FXD3232U   0x002b34    program     extern E:\3.46\pic18-lt\cxx-framework\src\traditional\math\fxd3232u.c
                 FXM1616S   0x002ada    program     extern E:\3.46\pic18-lt\cxx-framework\src\traditional\math\fxm1616s.asm
                  FXM3232   0x002a04    program     extern E:\3.46\pic18-lt\cxx-framework\src\traditional\math\fxm3232.c
                LCD_clear   0x00241c    program     extern C:\Users\Michael\Desktop\FunktionsGeneratorC18\main.c
              LCD_command   0x0022b4    program     extern C:\Users\Michael\Desktop\FunktionsGeneratorC18\main.c
                 LCD_echo   0x002288    program     extern C:\Users\Michael\Desktop\FunktionsGeneratorC18\main.c
                 LCD_init   0x00241e    program     extern C:\Users\Michael\Desktop\FunktionsGeneratorC18\main.c
           LCD_movecursor   0x0022d8    program     extern C:\Users\Michael\Desktop\FunktionsGeneratorC18\main.c
                LCD_write   0x002320    program     extern C:\Users\Michael\Desktop\FunktionsGeneratorC18\main.c
                OpenUSART   0x0028f6    program     extern E:\3.46\pic18-lt\cxx-framework\src\pmc_common\USART\uopen.c
          PPG_USART_reset   0x00090c    program     extern C:\Users\Michael\Desktop\FunktionsGeneratorC18\main.c
                 PPG_read   0x0003ca    program     extern C:\Users\Michael\Desktop\FunktionsGeneratorC18\main.c
                 PPG_save   0x000322    program     extern C:\Users\Michael\Desktop\FunktionsGeneratorC18\main.c
                ReadUSART   0x002b7c    program     extern E:\3.46\pic18-lt\cxx-framework\src\pmc_common\USART\uread.c
             SERIAL_reset   0x002268    program     extern C:\Users\Michael\Desktop\FunktionsGeneratorC18\main.c
               TSIGN1616A   0x002b26    program     static E:\3.46\pic18-lt\cxx-framework\src\traditional\math\fxm1616s.asm
               WriteUSART   0x002be8    program     extern E:\3.46\pic18-lt\cxx-framework\src\pmc_common\USART\uwrite.c
                   _2jEnd   0x002ac4    program     static E:\3.46\pic18-lt\cxx-framework\src\traditional\stdclib\slenpgm.asm
       _D10KTCYXCODE_0010   0x002bca    program     static E:\3.46\pic18-lt\cxx-framework\src\traditional\delays\d10ktcyx.asm
       _D10KTCYXCODE_001C   0x002bd6    program     static E:\3.46\pic18-lt\cxx-framework\src\traditional\delays\d10ktcyx.asm
        _D1KTCYXCODE_0010   0x002c76    program     static E:\3.46\pic18-lt\cxx-framework\src\traditional\delays\d1ktcyx.asm
        _D1KTCYXCODE_0016   0x002c7c    program     static E:\3.46\pic18-lt\cxx-framework\src\traditional\delays\d1ktcyx.asm
       ___return_lbl00000   0x002b7a    program     static                          
       ___return_lbl00000   0x002a72    program     static                          
       ___return_lbl00000   0x000004    program     static                          
       ___return_lbl00000   0x002c40    program     static                          
       ___return_lbl00001   0x002cc0    program     static                          
       ___return_lbl00002   0x0028f4    program     static                          
       ___return_lbl00027   0x00000c    program     static                          
               __config_0   0x300001    program     static C:\Users\Michael\Desktop\FunktionsGeneratorC18\main.c
               __config_1   0x300002    program     static C:\Users\Michael\Desktop\FunktionsGeneratorC18\main.c
               __config_2   0x300003    program     static C:\Users\Michael\Desktop\FunktionsGeneratorC18\main.c
               __config_3   0x300005    program     static C:\Users\Michael\Desktop\FunktionsGeneratorC18\main.c
               __config_4   0x300006    program     static C:\Users\Michael\Desktop\FunktionsGeneratorC18\main.c
               __config_5   0x300008    program     static C:\Users\Michael\Desktop\FunktionsGeneratorC18\main.c
                   __init   0x002cf0    program     extern E:\3.46\pic18-lt\cxx-framework\src\traditional\stdclib\__init.c
                   __pa_0   0x00258e    program     static C:\Users\Michael\Desktop\FunktionsGeneratorC18\main.c
                   __pa_0   0x001eb8    program     static E:\3.46\pic18-lt\cxx-framework\src\traditional\stdclib\vfprintf.c
                   __pa_1   0x001ec0    program     static E:\3.46\pic18-lt\cxx-framework\src\traditional\stdclib\vfprintf.c
                   __pa_1   0x0025be    program     static C:\Users\Michael\Desktop\FunktionsGeneratorC18\main.c
                  __pa_10   0x001f74    program     static E:\3.46\pic18-lt\cxx-framework\src\traditional\stdclib\vfprintf.c
                  __pa_10   0x002636    program     static C:\Users\Michael\Desktop\FunktionsGeneratorC18\main.c
                 __pa_100   0x0014da    program     static C:\Users\Michael\Desktop\FunktionsGeneratorC18\main.c
                 __pa_101   0x0014e6    program     static C:\Users\Michael\Desktop\FunktionsGeneratorC18\main.c
                 __pa_102   0x0014ee    program     static C:\Users\Michael\Desktop\FunktionsGeneratorC18\main.c
                 __pa_103   0x0014f8    program     static C:\Users\Michael\Desktop\FunktionsGeneratorC18\main.c
                 __pa_104   0x001502    program     static C:\Users\Michael\Desktop\FunktionsGeneratorC18\main.c
                 __pa_105   0x00150c    program     static C:\Users\Michael\Desktop\FunktionsGeneratorC18\main.c
                 __pa_106   0x001516    program     static C:\Users\Michael\Desktop\FunktionsGeneratorC18\main.c
                 __pa_107   0x00151e    program     static C:\Users\Michael\Desktop\FunktionsGeneratorC18\main.c
                 __pa_108   0x001526    program     static C:\Users\Michael\Desktop\FunktionsGeneratorC18\main.c
                 __pa_109   0x001530    program     static C:\Users\Michael\Desktop\FunktionsGeneratorC18\main.c
                  __pa_11   0x002644    program     static C:\Users\Michael\Desktop\FunktionsGeneratorC18\main.c
                  __pa_11   0x001f82    program     static E:\3.46\pic18-lt\cxx-framework\src\traditional\stdclib\vfprintf.c
                 __pa_110   0x00153a    program     static C:\Users\Michael\Desktop\FunktionsGeneratorC18\main.c
                 __pa_111   0x001542    program     static C:\Users\Michael\Desktop\FunktionsGeneratorC18\main.c
                 __pa_112   0x00154c    program     static C:\Users\Michael\Desktop\FunktionsGeneratorC18\main.c
                  __pa_12   0x002654    program     static C:\Users\Michael\Desktop\FunktionsGeneratorC18\main.c
                  __pa_12   0x001f98    program     static E:\3.46\pic18-lt\cxx-framework\src\traditional\stdclib\vfprintf.c
                  __pa_13   0x001fb2    program     static E:\3.46\pic18-lt\cxx-framework\src\traditional\stdclib\vfprintf.c
                  __pa_13   0x002662    program     static C:\Users\Michael\Desktop\FunktionsGeneratorC18\main.c
                  __pa_14   0x001fca    program     static E:\3.46\pic18-lt\cxx-framework\src\traditional\stdclib\vfprintf.c
                  __pa_14   0x002670    program     static C:\Users\Michael\Desktop\FunktionsGeneratorC18\main.c
                  __pa_15   0x00267a    program     static C:\Users\Michael\Desktop\FunktionsGeneratorC18\main.c
                  __pa_15   0x001fda    program     static E:\3.46\pic18-lt\cxx-framework\src\traditional\stdclib\vfprintf.c
                  __pa_16   0x002682    program     static C:\Users\Michael\Desktop\FunktionsGeneratorC18\main.c
                  __pa_16   0x001ff0    program     static E:\3.46\pic18-lt\cxx-framework\src\traditional\stdclib\vfprintf.c
                  __pa_17   0x002690    program     static C:\Users\Michael\Desktop\FunktionsGeneratorC18\main.c
                  __pa_17   0x002002    program     static E:\3.46\pic18-lt\cxx-framework\src\traditional\stdclib\vfprintf.c
                  __pa_18   0x002014    program     static E:\3.46\pic18-lt\cxx-framework\src\traditional\stdclib\vfprintf.c
                  __pa_18   0x00269a    program     static C:\Users\Michael\Desktop\FunktionsGeneratorC18\main.c
                  __pa_19   0x00201e    program     static E:\3.46\pic18-lt\cxx-framework\src\traditional\stdclib\vfprintf.c
                  __pa_19   0x0026a4    program     static C:\Users\Michael\Desktop\FunktionsGeneratorC18\main.c
                   __pa_2   0x0025c8    program     static C:\Users\Michael\Desktop\FunktionsGeneratorC18\main.c
                   __pa_2   0x001eca    program     static E:\3.46\pic18-lt\cxx-framework\src\traditional\stdclib\vfprintf.c
                  __pa_20   0x00202e    program     static E:\3.46\pic18-lt\cxx-framework\src\traditional\stdclib\vfprintf.c
                  __pa_20   0x0026ae    program     static C:\Users\Michael\Desktop\FunktionsGeneratorC18\main.c
                  __pa_21   0x0026ba    program     static C:\Users\Michael\Desktop\FunktionsGeneratorC18\main.c
                  __pa_21   0x00203e    program     static E:\3.46\pic18-lt\cxx-framework\src\traditional\stdclib\vfprintf.c
                  __pa_22   0x00204e    program     static E:\3.46\pic18-lt\cxx-framework\src\traditional\stdclib\vfprintf.c
                  __pa_22   0x0026ca    program     static C:\Users\Michael\Desktop\FunktionsGeneratorC18\main.c
                  __pa_23   0x0026d0    program     static C:\Users\Michael\Desktop\FunktionsGeneratorC18\main.c
                  __pa_23   0x00205a    program     static E:\3.46\pic18-lt\cxx-framework\src\traditional\stdclib\vfprintf.c
                  __pa_24   0x0026d8    program     static C:\Users\Michael\Desktop\FunktionsGeneratorC18\main.c
                  __pa_24   0x002068    program     static E:\3.46\pic18-lt\cxx-framework\src\traditional\stdclib\vfprintf.c
                  __pa_25   0x001018    program     static C:\Users\Michael\Desktop\FunktionsGeneratorC18\main.c
                  __pa_25   0x002070    program     static E:\3.46\pic18-lt\cxx-framework\src\traditional\stdclib\vfprintf.c
                  __pa_26   0x00207a    program     static E:\3.46\pic18-lt\cxx-framework\src\traditional\stdclib\vfprintf.c
                  __pa_26   0x00105e    program     static C:\Users\Michael\Desktop\FunktionsGeneratorC18\main.c
                  __pa_27   0x002084    program     static E:\3.46\pic18-lt\cxx-framework\src\traditional\stdclib\vfprintf.c
                  __pa_27   0x001066    program     static C:\Users\Michael\Desktop\FunktionsGeneratorC18\main.c
                  __pa_28   0x00208c    program     static E:\3.46\pic18-lt\cxx-framework\src\traditional\stdclib\vfprintf.c
                  __pa_28   0x001076    program     static C:\Users\Michael\Desktop\FunktionsGeneratorC18\main.c
                  __pa_29   0x00209a    program     static E:\3.46\pic18-lt\cxx-framework\src\traditional\stdclib\vfprintf.c
                  __pa_29   0x0010a2    program     static C:\Users\Michael\Desktop\FunktionsGeneratorC18\main.c
                   __pa_3   0x001ed4    program     static E:\3.46\pic18-lt\cxx-framework\src\traditional\stdclib\vfprintf.c
                   __pa_3   0x0025d0    program     static C:\Users\Michael\Desktop\FunktionsGeneratorC18\main.c
                  __pa_30   0x0020b6    program     static E:\3.46\pic18-lt\cxx-framework\src\traditional\stdclib\vfprintf.c
                  __pa_30   0x0010b6    program     static C:\Users\Michael\Desktop\FunktionsGeneratorC18\main.c
                  __pa_31   0x0020d0    program     static E:\3.46\pic18-lt\cxx-framework\src\traditional\stdclib\vfprintf.c
                  __pa_31   0x0010ca    program     static C:\Users\Michael\Desktop\FunktionsGeneratorC18\main.c
                  __pa_32   0x0020ea    program     static E:\3.46\pic18-lt\cxx-framework\src\traditional\stdclib\vfprintf.c
                  __pa_32   0x0010ec    program     static C:\Users\Michael\Desktop\FunktionsGeneratorC18\main.c
                  __pa_33   0x0010f2    program     static C:\Users\Michael\Desktop\FunktionsGeneratorC18\main.c
                  __pa_33   0x002102    program     static E:\3.46\pic18-lt\cxx-framework\src\traditional\stdclib\vfprintf.c
                  __pa_34   0x001106    program     static C:\Users\Michael\Desktop\FunktionsGeneratorC18\main.c
                  __pa_34   0x00210c    program     static E:\3.46\pic18-lt\cxx-framework\src\traditional\stdclib\vfprintf.c
                  __pa_35   0x001126    program     static C:\Users\Michael\Desktop\FunktionsGeneratorC18\main.c
                  __pa_35   0x00211a    program     static E:\3.46\pic18-lt\cxx-framework\src\traditional\stdclib\vfprintf.c
                  __pa_36   0x001140    program     static C:\Users\Michael\Desktop\FunktionsGeneratorC18\main.c
                  __pa_36   0x002122    program     static E:\3.46\pic18-lt\cxx-framework\src\traditional\stdclib\vfprintf.c
                  __pa_37   0x00114a    program     static C:\Users\Michael\Desktop\FunktionsGeneratorC18\main.c
                  __pa_37   0x00212c    program     static E:\3.46\pic18-lt\cxx-framework\src\traditional\stdclib\vfprintf.c
                  __pa_38   0x00213c    program     static E:\3.46\pic18-lt\cxx-framework\src\traditional\stdclib\vfprintf.c
                  __pa_38   0x001156    program     static C:\Users\Michael\Desktop\FunktionsGeneratorC18\main.c
                  __pa_39   0x00214a    program     static E:\3.46\pic18-lt\cxx-framework\src\traditional\stdclib\vfprintf.c
                  __pa_39   0x00118c    program     static C:\Users\Michael\Desktop\FunktionsGeneratorC18\main.c
                   __pa_4   0x001eec    program     static E:\3.46\pic18-lt\cxx-framework\src\traditional\stdclib\vfprintf.c
                   __pa_4   0x0025da    program     static C:\Users\Michael\Desktop\FunktionsGeneratorC18\main.c
                  __pa_40   0x002156    program     static E:\3.46\pic18-lt\cxx-framework\src\traditional\stdclib\vfprintf.c
                  __pa_40   0x00119a    program     static C:\Users\Michael\Desktop\FunktionsGeneratorC18\main.c
                  __pa_41   0x002162    program     static E:\3.46\pic18-lt\cxx-framework\src\traditional\stdclib\vfprintf.c
                  __pa_41   0x0011b8    program     static C:\Users\Michael\Desktop\FunktionsGeneratorC18\main.c
                  __pa_42   0x0011c0    program     static C:\Users\Michael\Desktop\FunktionsGeneratorC18\main.c
                  __pa_42   0x00216a    program     static E:\3.46\pic18-lt\cxx-framework\src\traditional\stdclib\vfprintf.c
                  __pa_43   0x002174    program     static E:\3.46\pic18-lt\cxx-framework\src\traditional\stdclib\vfprintf.c
                  __pa_43   0x0011ca    program     static C:\Users\Michael\Desktop\FunktionsGeneratorC18\main.c
                  __pa_44   0x0011da    program     static C:\Users\Michael\Desktop\FunktionsGeneratorC18\main.c
                  __pa_44   0x00217a    program     static E:\3.46\pic18-lt\cxx-framework\src\traditional\stdclib\vfprintf.c
                  __pa_45   0x0011fa    program     static C:\Users\Michael\Desktop\FunktionsGeneratorC18\main.c
                  __pa_45   0x002184    program     static E:\3.46\pic18-lt\cxx-framework\src\traditional\stdclib\vfprintf.c
                  __pa_46   0x001214    program     static C:\Users\Michael\Desktop\FunktionsGeneratorC18\main.c
                  __pa_46   0x002190    program     static E:\3.46\pic18-lt\cxx-framework\src\traditional\stdclib\vfprintf.c
                  __pa_47   0x001222    program     static C:\Users\Michael\Desktop\FunktionsGeneratorC18\main.c
                  __pa_48   0x00122c    program     static C:\Users\Michael\Desktop\FunktionsGeneratorC18\main.c
                  __pa_49   0x001236    program     static C:\Users\Michael\Desktop\FunktionsGeneratorC18\main.c
                   __pa_5   0x001f00    program     static E:\3.46\pic18-lt\cxx-framework\src\traditional\stdclib\vfprintf.c
                   __pa_5   0x0025e8    program     static C:\Users\Michael\Desktop\FunktionsGeneratorC18\main.c
                  __pa_50   0x001248    program     static C:\Users\Michael\Desktop\FunktionsGeneratorC18\main.c
                  __pa_51   0x001252    program     static C:\Users\Michael\Desktop\FunktionsGeneratorC18\main.c
                  __pa_52   0x001260    program     static C:\Users\Michael\Desktop\FunktionsGeneratorC18\main.c
                  __pa_53   0x001270    program     static C:\Users\Michael\Desktop\FunktionsGeneratorC18\main.c
                  __pa_54   0x00127c    program     static C:\Users\Michael\Desktop\FunktionsGeneratorC18\main.c
                  __pa_55   0x00129a    program     static C:\Users\Michael\Desktop\FunktionsGeneratorC18\main.c
                  __pa_56   0x0012a6    program     static C:\Users\Michael\Desktop\FunktionsGeneratorC18\main.c
                  __pa_57   0x0012be    program     static C:\Users\Michael\Desktop\FunktionsGeneratorC18\main.c
                  __pa_58   0x0012d0    program     static C:\Users\Michael\Desktop\FunktionsGeneratorC18\main.c
                  __pa_59   0x0012de    program     static C:\Users\Michael\Desktop\FunktionsGeneratorC18\main.c
                   __pa_6   0x001f1c    program     static E:\3.46\pic18-lt\cxx-framework\src\traditional\stdclib\vfprintf.c
                   __pa_6   0x002600    program     static C:\Users\Michael\Desktop\FunktionsGeneratorC18\main.c
                  __pa_60   0x0012ee    program     static C:\Users\Michael\Desktop\FunktionsGeneratorC18\main.c
                  __pa_61   0x001306    program     static C:\Users\Michael\Desktop\FunktionsGeneratorC18\main.c
                  __pa_62   0x001316    program     static C:\Users\Michael\Desktop\FunktionsGeneratorC18\main.c
                  __pa_63   0x001324    program     static C:\Users\Michael\Desktop\FunktionsGeneratorC18\main.c
                  __pa_64   0x001332    program     static C:\Users\Michael\Desktop\FunktionsGeneratorC18\main.c
                  __pa_65   0x00133c    program     static C:\Users\Michael\Desktop\FunktionsGeneratorC18\main.c
                  __pa_66   0x001346    program     static C:\Users\Michael\Desktop\FunktionsGeneratorC18\main.c
                  __pa_67   0x001350    program     static C:\Users\Michael\Desktop\FunktionsGeneratorC18\main.c
                  __pa_68   0x001358    program     static C:\Users\Michael\Desktop\FunktionsGeneratorC18\main.c
                  __pa_69   0x001364    program     static C:\Users\Michael\Desktop\FunktionsGeneratorC18\main.c
                   __pa_7   0x002612    program     static C:\Users\Michael\Desktop\FunktionsGeneratorC18\main.c
                   __pa_7   0x001f26    program     static E:\3.46\pic18-lt\cxx-framework\src\traditional\stdclib\vfprintf.c
                  __pa_70   0x001376    program     static C:\Users\Michael\Desktop\FunktionsGeneratorC18\main.c
                  __pa_71   0x00137e    program     static C:\Users\Michael\Desktop\FunktionsGeneratorC18\main.c
                  __pa_72   0x00138c    program     static C:\Users\Michael\Desktop\FunktionsGeneratorC18\main.c
                  __pa_73   0x001394    program     static C:\Users\Michael\Desktop\FunktionsGeneratorC18\main.c
                  __pa_74   0x0013a2    program     static C:\Users\Michael\Desktop\FunktionsGeneratorC18\main.c
                  __pa_75   0x0013ac    program     static C:\Users\Michael\Desktop\FunktionsGeneratorC18\main.c
                  __pa_76   0x0013b6    program     static C:\Users\Michael\Desktop\FunktionsGeneratorC18\main.c
                  __pa_77   0x0013c0    program     static C:\Users\Michael\Desktop\FunktionsGeneratorC18\main.c
                  __pa_78   0x0013ca    program     static C:\Users\Michael\Desktop\FunktionsGeneratorC18\main.c
                  __pa_79   0x0013d4    program     static C:\Users\Michael\Desktop\FunktionsGeneratorC18\main.c
                   __pa_8   0x001f32    program     static E:\3.46\pic18-lt\cxx-framework\src\traditional\stdclib\vfprintf.c
                   __pa_8   0x00261c    program     static C:\Users\Michael\Desktop\FunktionsGeneratorC18\main.c
                  __pa_80   0x0013de    program     static C:\Users\Michael\Desktop\FunktionsGeneratorC18\main.c
                  __pa_81   0x0013e8    program     static C:\Users\Michael\Desktop\FunktionsGeneratorC18\main.c
                  __pa_82   0x0013f8    program     static C:\Users\Michael\Desktop\FunktionsGeneratorC18\main.c
                  __pa_83   0x001400    program     static C:\Users\Michael\Desktop\FunktionsGeneratorC18\main.c
                  __pa_84   0x00141c    program     static C:\Users\Michael\Desktop\FunktionsGeneratorC18\main.c
                  __pa_85   0x001432    program     static C:\Users\Michael\Desktop\FunktionsGeneratorC18\main.c
                  __pa_86   0x00143e    program     static C:\Users\Michael\Desktop\FunktionsGeneratorC18\main.c
                  __pa_87   0x001448    program     static C:\Users\Michael\Desktop\FunktionsGeneratorC18\main.c
                  __pa_88   0x001452    program     static C:\Users\Michael\Desktop\FunktionsGeneratorC18\main.c
                  __pa_89   0x001466    program     static C:\Users\Michael\Desktop\FunktionsGeneratorC18\main.c
                   __pa_9   0x001f54    program     static E:\3.46\pic18-lt\cxx-framework\src\traditional\stdclib\vfprintf.c
                   __pa_9   0x002626    program     static C:\Users\Michael\Desktop\FunktionsGeneratorC18\main.c
                  __pa_90   0x00146c    program     static C:\Users\Michael\Desktop\FunktionsGeneratorC18\main.c
                  __pa_91   0x00147e    program     static C:\Users\Michael\Desktop\FunktionsGeneratorC18\main.c
                  __pa_92   0x00148a    program     static C:\Users\Michael\Desktop\FunktionsGeneratorC18\main.c
                  __pa_93   0x001494    program     static C:\Users\Michael\Desktop\FunktionsGeneratorC18\main.c
                  __pa_94   0x00149a    program     static C:\Users\Michael\Desktop\FunktionsGeneratorC18\main.c
                  __pa_95   0x0014a0    program     static C:\Users\Michael\Desktop\FunktionsGeneratorC18\main.c
                  __pa_96   0x0014a8    program     static C:\Users\Michael\Desktop\FunktionsGeneratorC18\main.c
                  __pa_97   0x0014b8    program     static C:\Users\Michael\Desktop\FunktionsGeneratorC18\main.c
                  __pa_98   0x0014c6    program     static C:\Users\Michael\Desktop\FunktionsGeneratorC18\main.c
                  __pa_99   0x0014cc    program     static C:\Users\Michael\Desktop\FunktionsGeneratorC18\main.c
              __string_10   0x00278b    program     static C:\Users\Michael\Desktop\FunktionsGeneratorC18\main.c
              __string_17   0x002782    program     static C:\Users\Michael\Desktop\FunktionsGeneratorC18\main.c
              __string_18   0x00277c    program     static C:\Users\Michael\Desktop\FunktionsGeneratorC18\main.c
              __string_19   0x002773    program     static C:\Users\Michael\Desktop\FunktionsGeneratorC18\main.c
              __string_20   0x002769    program     static C:\Users\Michael\Desktop\FunktionsGeneratorC18\main.c
              __string_21   0x002760    program     static C:\Users\Michael\Desktop\FunktionsGeneratorC18\main.c
              __string_22   0x002757    program     static C:\Users\Michael\Desktop\FunktionsGeneratorC18\main.c
              __string_23   0x00274c    program     static C:\Users\Michael\Desktop\FunktionsGeneratorC18\main.c
              __string_24   0x002743    program     static C:\Users\Michael\Desktop\FunktionsGeneratorC18\main.c
              __string_25   0x00273a    program     static C:\Users\Michael\Desktop\FunktionsGeneratorC18\main.c
              __string_30   0x002734    program     static C:\Users\Michael\Desktop\FunktionsGeneratorC18\main.c
              __string_31   0x00272f    program     static C:\Users\Michael\Desktop\FunktionsGeneratorC18\main.c
              __string_32   0x002724    program     static C:\Users\Michael\Desktop\FunktionsGeneratorC18\main.c
              __string_33   0x00271a    program     static C:\Users\Michael\Desktop\FunktionsGeneratorC18\main.c
              __string_34   0x002710    program     static C:\Users\Michael\Desktop\FunktionsGeneratorC18\main.c
              __string_35   0x002705    program     static C:\Users\Michael\Desktop\FunktionsGeneratorC18\main.c
              __string_36   0x0026fc    program     static C:\Users\Michael\Desktop\FunktionsGeneratorC18\main.c
              __string_37   0x0026f2    program     static C:\Users\Michael\Desktop\FunktionsGeneratorC18\main.c
              __string_38   0x0026e9    program     static C:\Users\Michael\Desktop\FunktionsGeneratorC18\main.c
              __string_39   0x0026e0    program     static C:\Users\Michael\Desktop\FunktionsGeneratorC18\main.c
               __string_6   0x00279f    program     static C:\Users\Michael\Desktop\FunktionsGeneratorC18\main.c
               __string_7   0x002794    program     static C:\Users\Michael\Desktop\FunktionsGeneratorC18\main.c
              __tmplbl_42   0x00204e    program     static                          
              __tmplbl_43   0x001e96    program     static                          
              __tmplbl_44   0x001e7c    program     static                          
              __tmplbl_44   0x0011c0    program     static                          
              __tmplbl_45   0x0011c0    program     static                          
              __tmplbl_47   0x0011c0    program     static                          
              __tmplbl_49   0x0011c0    program     static                          
              __tmplbl_50   0x0011c0    program     static                          
              __tmplbl_51   0x0011c0    program     static                          
              __tmplbl_60   0x0011c0    program     static                          
              __tmplbl_61   0x0011c0    program     static                          
              __tmplbl_62   0x0011c0    program     static                          
              __tmplbl_64   0x0011c0    program     static                          
              __tmplbl_85   0x0015ce    program     static                          
            __zero_memory   0x002c86    program     extern E:\3.46\pic18-lt\cxx-framework\src\traditional\proc\p18f4610.asm
                _do_cinit   0x002858    program     extern E:\3.46\pic18-lt\cxx-framework\src\traditional\startup\c018i.c
                   _entry   0x000000    program     extern E:\3.46\pic18-lt\cxx-framework\src\traditional\startup\c018i.c
                   _false   0x002b76    program     static                          
                 _startup   0x002ca6    program     extern E:\3.46\pic18-lt\cxx-framework\src\traditional\startup\c018i.c
              _usart_putc   0x002cc2    program     extern E:\3.46\pic18-lt\cxx-framework\src\pmc_common\USART\_usartpc.asm
               _user_putc   0x000006    program     extern E:\3.46\pic18-lt\cxx-framework\src\traditional\stdclib\_user_putc.c
               array_fill   0x0021c6    program     extern C:\Users\Michael\Desktop\FunktionsGeneratorC18\main.c
           button_handler   0x00000e    program     extern C:\Users\Michael\Desktop\FunktionsGeneratorC18\main.c
               button_int   0x000008    program     extern C:\Users\Michael\Desktop\FunktionsGeneratorC18\main.c
               changeMode   0x000272    program     extern C:\Users\Michael\Desktop\FunktionsGeneratorC18\main.c
                compare_l   0x002c9c    program     static E:\3.46\pic18-lt\cxx-framework\src\traditional\proc\p18f4610.asm
                copy_loop   0x0028ca    program     static                          
            copy_one_byte   0x0028d0    program     static                          
                     done   0x0028f4    program     static                          
             done_copying   0x0028de    program     static                          
                  endloop   0x002c3c    program     static                          
                    error   0x00007e    program     extern C:\Users\Michael\Desktop\FunktionsGeneratorC18\main.c
            error_message   0x0023d6    program     extern C:\Users\Michael\Desktop\FunktionsGeneratorC18\main.c
               handleIdle   0x00070c    program     extern C:\Users\Michael\Desktop\FunktionsGeneratorC18\main.c
               handleMenu   0x000ed2    program     extern C:\Users\Michael\Desktop\FunktionsGeneratorC18\main.c
                handleMsg   0x000e08    program     extern C:\Users\Michael\Desktop\FunktionsGeneratorC18\main.c
                initPorts   0x000032    program     extern C:\Users\Michael\Desktop\FunktionsGeneratorC18\main.c
                  isdigit   0x002c42    program     extern E:\3.46\pic18-lt\cxx-framework\src\traditional\stdclib\isdigit.asm
                     jEnd   0x002ac6    program     static E:\3.46\pic18-lt\cxx-framework\src\traditional\stdclib\slenpgm.asm
                     jEnd   0x002a8e    program     static E:\3.46\pic18-lt\cxx-framework\src\traditional\stdclib\strlen.asm
                    jLoop   0x002a84    program     static E:\3.46\pic18-lt\cxx-framework\src\traditional\stdclib\strlen.asm
                    jLoop   0x002aae    program     static E:\3.46\pic18-lt\cxx-framework\src\traditional\stdclib\slenpgm.asm
                   jMatch   0x002c62    program     static E:\3.46\pic18-lt\cxx-framework\src\traditional\stdclib\isdigit.asm
                 jNoMatch   0x002c64    program     static E:\3.46\pic18-lt\cxx-framework\src\traditional\stdclib\isdigit.asm
                     loop   0x002c20    program     static                          
                     loop   0x002b42    program     static                          
                     loop   0x002cd2    program     static E:\3.46\pic18-lt\cxx-framework\src\pmc_common\USART\_usartpc.asm
                     loop   0x002cb6    program     static                          
                   loop_h   0x002c94    program     static E:\3.46\pic18-lt\cxx-framework\src\traditional\proc\p18f4610.asm
                   loop_l   0x002c9e    program     static E:\3.46\pic18-lt\cxx-framework\src\traditional\proc\p18f4610.asm
                     main   0x002432    program     extern C:\Users\Michael\Desktop\FunktionsGeneratorC18\main.c
               menuChange   0x0009c6    program     extern C:\Users\Michael\Desktop\FunktionsGeneratorC18\main.c
       menuValidateCursor   0x000808    program     extern C:\Users\Michael\Desktop\FunktionsGeneratorC18\main.c
              myOpenUSART   0x000068    program     extern C:\Users\Michael\Desktop\FunktionsGeneratorC18\main.c
              myputsUSART   0x00220c    program     extern C:\Users\Michael\Desktop\FunktionsGeneratorC18\main.c
                paint_msg   0x002366    program     extern C:\Users\Michael\Desktop\FunktionsGeneratorC18\main.c
                     putc   0x002980    program     extern E:\3.46\pic18-lt\cxx-framework\src\traditional\stdclib\putc.c
            putsUSARTecho   0x0001f2    program     extern C:\Users\Michael\Desktop\FunktionsGeneratorC18\main.c
            readFromUSART   0x000160    program     extern C:\Users\Michael\Desktop\FunktionsGeneratorC18\main.c
                 s_digits   0x002cde    program     static E:\3.46\pic18-lt\cxx-framework\src\traditional\stdclib\vfprintf.c
            s_put_n_chars   0x001578    program     static E:\3.46\pic18-lt\cxx-framework\src\traditional\stdclib\vfprintf.c
                  sprintf   0x0027ac    program     extern E:\3.46\pic18-lt\cxx-framework\src\traditional\stdclib\sprintf.c
                   strlen   0x002a74    program     extern E:\3.46\pic18-lt\cxx-framework\src\traditional\stdclib\strlen.asm
                strlenpgm   0x002a90    program     extern E:\3.46\pic18-lt\cxx-framework\src\traditional\stdclib\slenpgm.asm
                     test   0x002872    program     static                          
                 vfprintf   0x0015a4    program     extern E:\3.46\pic18-lt\cxx-framework\src\traditional\stdclib\vfprintf.c
                   wait10   0x00219a    program     extern C:\Users\Michael\Desktop\FunktionsGeneratorC18\main.c
          welcome_message   0x002388    program     extern C:\Users\Michael\Desktop\FunktionsGeneratorC18\main.c
               zero_block   0x002c94    program     static E:\3.46\pic18-lt\cxx-framework\src\traditional\proc\p18f4610.asm
                   ADCON0   0x000fc2       data     extern E:\3.46\pic18-lt\cxx-framework\src\traditional\proc\p18f4610.asm
               ADCON0bits   0x000fc2       data     extern E:\3.46\pic18-lt\cxx-framework\src\traditional\proc\p18f4610.asm
                   ADCON1   0x000fc1       data     extern E:\3.46\pic18-lt\cxx-framework\src\traditional\proc\p18f4610.asm
               ADCON1bits   0x000fc1       data     extern E:\3.46\pic18-lt\cxx-framework\src\traditional\proc\p18f4610.asm
                   ADCON2   0x000fc0       data     extern E:\3.46\pic18-lt\cxx-framework\src\traditional\proc\p18f4610.asm
               ADCON2bits   0x000fc0       data     extern E:\3.46\pic18-lt\cxx-framework\src\traditional\proc\p18f4610.asm
                    ADRES   0x000fc3       data     extern E:\3.46\pic18-lt\cxx-framework\src\traditional\proc\p18f4610.asm
                   ADRESH   0x000fc4       data     extern E:\3.46\pic18-lt\cxx-framework\src\traditional\proc\p18f4610.asm
                   ADRESL   0x000fc3       data     extern E:\3.46\pic18-lt\cxx-framework\src\traditional\proc\p18f4610.asm
                  BAUDCON   0x000fb8       data     extern E:\3.46\pic18-lt\cxx-framework\src\traditional\proc\p18f4610.asm
              BAUDCONbits   0x000fb8       data     extern E:\3.46\pic18-lt\cxx-framework\src\traditional\proc\p18f4610.asm
                  BAUDCTL   0x000fb8       data     extern E:\3.46\pic18-lt\cxx-framework\src\traditional\proc\p18f4610.asm
              BAUDCTLbits   0x000fb8       data     extern E:\3.46\pic18-lt\cxx-framework\src\traditional\proc\p18f4610.asm
                      BSR   0x000fe0       data     extern E:\3.46\pic18-lt\cxx-framework\src\traditional\proc\p18f4610.asm
                  CCP1CON   0x000fbd       data     extern E:\3.46\pic18-lt\cxx-framework\src\traditional\proc\p18f4610.asm
              CCP1CONbits   0x000fbd       data     extern E:\3.46\pic18-lt\cxx-framework\src\traditional\proc\p18f4610.asm
                  CCP2CON   0x000fba       data     extern E:\3.46\pic18-lt\cxx-framework\src\traditional\proc\p18f4610.asm
              CCP2CONbits   0x000fba       data     extern E:\3.46\pic18-lt\cxx-framework\src\traditional\proc\p18f4610.asm
                    CCPR1   0x000fbe       data     extern E:\3.46\pic18-lt\cxx-framework\src\traditional\proc\p18f4610.asm
                   CCPR1H   0x000fbf       data     extern E:\3.46\pic18-lt\cxx-framework\src\traditional\proc\p18f4610.asm
                   CCPR1L   0x000fbe       data     extern E:\3.46\pic18-lt\cxx-framework\src\traditional\proc\p18f4610.asm
                    CCPR2   0x000fbb       data     extern E:\3.46\pic18-lt\cxx-framework\src\traditional\proc\p18f4610.asm
                   CCPR2H   0x000fbc       data     extern E:\3.46\pic18-lt\cxx-framework\src\traditional\proc\p18f4610.asm
                   CCPR2L   0x000fbb       data     extern E:\3.46\pic18-lt\cxx-framework\src\traditional\proc\p18f4610.asm
                    CMCON   0x000fb4       data     extern E:\3.46\pic18-lt\cxx-framework\src\traditional\proc\p18f4610.asm
                CMCONbits   0x000fb4       data     extern E:\3.46\pic18-lt\cxx-framework\src\traditional\proc\p18f4610.asm
                       CR   0x0001ac       data     extern C:\Users\Michael\Desktop\FunktionsGeneratorC18\main.c
                   CVRCON   0x000fb5       data     extern E:\3.46\pic18-lt\cxx-framework\src\traditional\proc\p18f4610.asm
               CVRCONbits   0x000fb5       data     extern E:\3.46\pic18-lt\cxx-framework\src\traditional\proc\p18f4610.asm
                     DDRA   0x000f92       data     extern E:\3.46\pic18-lt\cxx-framework\src\traditional\proc\p18f4610.asm
                 DDRAbits   0x000f92       data     extern E:\3.46\pic18-lt\cxx-framework\src\traditional\proc\p18f4610.asm
                     DDRB   0x000f93       data     extern E:\3.46\pic18-lt\cxx-framework\src\traditional\proc\p18f4610.asm
                 DDRBbits   0x000f93       data     extern E:\3.46\pic18-lt\cxx-framework\src\traditional\proc\p18f4610.asm
                     DDRC   0x000f94       data     extern E:\3.46\pic18-lt\cxx-framework\src\traditional\proc\p18f4610.asm
                 DDRCbits   0x000f94       data     extern E:\3.46\pic18-lt\cxx-framework\src\traditional\proc\p18f4610.asm
                     DDRD   0x000f95       data     extern E:\3.46\pic18-lt\cxx-framework\src\traditional\proc\p18f4610.asm
                 DDRDbits   0x000f95       data     extern E:\3.46\pic18-lt\cxx-framework\src\traditional\proc\p18f4610.asm
                     DDRE   0x000f96       data     extern E:\3.46\pic18-lt\cxx-framework\src\traditional\proc\p18f4610.asm
                 DDREbits   0x000f96       data     extern E:\3.46\pic18-lt\cxx-framework\src\traditional\proc\p18f4610.asm
            DelayCounter1   0x000025       data     extern E:\3.46\pic18-lt\cxx-framework\src\traditional\delays\delayd1.asm
            DelayCounter2   0x000024       data     extern E:\3.46\pic18-lt\cxx-framework\src\traditional\delays\delayd2.asm
                  ECCP1AS   0x000fb6       data     extern E:\3.46\pic18-lt\cxx-framework\src\traditional\proc\p18f4610.asm
              ECCP1ASbits   0x000fb6       data     extern E:\3.46\pic18-lt\cxx-framework\src\traditional\proc\p18f4610.asm
                   ECCPAS   0x000fb6       data     extern E:\3.46\pic18-lt\cxx-framework\src\traditional\proc\p18f4610.asm
               ECCPASbits   0x000fb6       data     extern E:\3.46\pic18-lt\cxx-framework\src\traditional\proc\p18f4610.asm
                     FSR0   0x000fe9       data     extern E:\3.46\pic18-lt\cxx-framework\src\traditional\proc\p18f4610.asm
                    FSR0H   0x000fea       data     extern E:\3.46\pic18-lt\cxx-framework\src\traditional\proc\p18f4610.asm
                    FSR0L   0x000fe9       data     extern E:\3.46\pic18-lt\cxx-framework\src\traditional\proc\p18f4610.asm
                     FSR1   0x000fe1       data     extern E:\3.46\pic18-lt\cxx-framework\src\traditional\proc\p18f4610.asm
                    FSR1H   0x000fe2       data     extern E:\3.46\pic18-lt\cxx-framework\src\traditional\proc\p18f4610.asm
                    FSR1L   0x000fe1       data     extern E:\3.46\pic18-lt\cxx-framework\src\traditional\proc\p18f4610.asm
                     FSR2   0x000fd9       data     extern E:\3.46\pic18-lt\cxx-framework\src\traditional\proc\p18f4610.asm
                    FSR2H   0x000fda       data     extern E:\3.46\pic18-lt\cxx-framework\src\traditional\proc\p18f4610.asm
                    FSR2L   0x000fd9       data     extern E:\3.46\pic18-lt\cxx-framework\src\traditional\proc\p18f4610.asm
                Freq_Data   0x000f00       data     static C:\Users\Michael\Desktop\FunktionsGeneratorC18\main.c
                 GREETING   0x000191       data     extern C:\Users\Michael\Desktop\FunktionsGeneratorC18\main.c
                  HLVDCON   0x000fd2       data     extern E:\3.46\pic18-lt\cxx-framework\src\traditional\proc\p18f4610.asm
              HLVDCONbits   0x000fd2       data     extern E:\3.46\pic18-lt\cxx-framework\src\traditional\proc\p18f4610.asm
                    INDF0   0x000fef       data     extern E:\3.46\pic18-lt\cxx-framework\src\traditional\proc\p18f4610.asm
                    INDF1   0x000fe7       data     extern E:\3.46\pic18-lt\cxx-framework\src\traditional\proc\p18f4610.asm
                    INDF2   0x000fdf       data     extern E:\3.46\pic18-lt\cxx-framework\src\traditional\proc\p18f4610.asm
                   INTCON   0x000ff2       data     extern E:\3.46\pic18-lt\cxx-framework\src\traditional\proc\p18f4610.asm
                  INTCON2   0x000ff1       data     extern E:\3.46\pic18-lt\cxx-framework\src\traditional\proc\p18f4610.asm
              INTCON2bits   0x000ff1       data     extern E:\3.46\pic18-lt\cxx-framework\src\traditional\proc\p18f4610.asm
                  INTCON3   0x000ff0       data     extern E:\3.46\pic18-lt\cxx-framework\src\traditional\proc\p18f4610.asm
              INTCON3bits   0x000ff0       data     extern E:\3.46\pic18-lt\cxx-framework\src\traditional\proc\p18f4610.asm
               INTCONbits   0x000ff2       data     extern E:\3.46\pic18-lt\cxx-framework\src\traditional\proc\p18f4610.asm
                     IPR1   0x000f9f       data     extern E:\3.46\pic18-lt\cxx-framework\src\traditional\proc\p18f4610.asm
                 IPR1bits   0x000f9f       data     extern E:\3.46\pic18-lt\cxx-framework\src\traditional\proc\p18f4610.asm
                     IPR2   0x000fa2       data     extern E:\3.46\pic18-lt\cxx-framework\src\traditional\proc\p18f4610.asm
                 IPR2bits   0x000fa2       data     extern E:\3.46\pic18-lt\cxx-framework\src\traditional\proc\p18f4610.asm
                     LATA   0x000f89       data     extern E:\3.46\pic18-lt\cxx-framework\src\traditional\proc\p18f4610.asm
                 LATAbits   0x000f89       data     extern E:\3.46\pic18-lt\cxx-framework\src\traditional\proc\p18f4610.asm
                     LATB   0x000f8a       data     extern E:\3.46\pic18-lt\cxx-framework\src\traditional\proc\p18f4610.asm
                 LATBbits   0x000f8a       data     extern E:\3.46\pic18-lt\cxx-framework\src\traditional\proc\p18f4610.asm
                     LATC   0x000f8b       data     extern E:\3.46\pic18-lt\cxx-framework\src\traditional\proc\p18f4610.asm
                 LATCbits   0x000f8b       data     extern E:\3.46\pic18-lt\cxx-framework\src\traditional\proc\p18f4610.asm
                     LATD   0x000f8c       data     extern E:\3.46\pic18-lt\cxx-framework\src\traditional\proc\p18f4610.asm
                 LATDbits   0x000f8c       data     extern E:\3.46\pic18-lt\cxx-framework\src\traditional\proc\p18f4610.asm
                     LATE   0x000f8d       data     extern E:\3.46\pic18-lt\cxx-framework\src\traditional\proc\p18f4610.asm
                 LATEbits   0x000f8d       data     extern E:\3.46\pic18-lt\cxx-framework\src\traditional\proc\p18f4610.asm
                       LF   0x0001ad       data     extern C:\Users\Michael\Desktop\FunktionsGeneratorC18\main.c
                   LVDCON   0x000fd2       data     extern E:\3.46\pic18-lt\cxx-framework\src\traditional\proc\p18f4610.asm
               LVDCONbits   0x000fd2       data     extern E:\3.46\pic18-lt\cxx-framework\src\traditional\proc\p18f4610.asm
             MACHINE_data   0x000128       data     extern C:\Users\Michael\Desktop\FunktionsGeneratorC18\main.c
        MACHINE_idleCount   0x000122       data     extern C:\Users\Michael\Desktop\FunktionsGeneratorC18\main.c
              MACHINE_msg   0x000126       data     extern C:\Users\Michael\Desktop\FunktionsGeneratorC18\main.c
            MACHINE_state   0x00011c       data     extern C:\Users\Michael\Desktop\FunktionsGeneratorC18\main.c
 MACHINE_state0_loopcount   0x000120       data     extern C:\Users\Michael\Desktop\FunktionsGeneratorC18\main.c
      MACHINE_state0_page   0x00011e       data     extern C:\Users\Michael\Desktop\FunktionsGeneratorC18\main.c
    MACHINE_state1_cursor   0x00015f       data     extern C:\Users\Michael\Desktop\FunktionsGeneratorC18\main.c
      MACHINE_state1_page   0x00015b       data     extern C:\Users\Michael\Desktop\FunktionsGeneratorC18\main.c
   MACHINE_state1_repaint   0x00015d       data     extern C:\Users\Michael\Desktop\FunktionsGeneratorC18\main.c
                 MAX_MENU   0x00012a       data     extern C:\Users\Michael\Desktop\FunktionsGeneratorC18\main.c
                   OSCCON   0x000fd3       data     extern E:\3.46\pic18-lt\cxx-framework\src\traditional\proc\p18f4610.asm
               OSCCONbits   0x000fd3       data     extern E:\3.46\pic18-lt\cxx-framework\src\traditional\proc\p18f4610.asm
                  OSCTUNE   0x000f9b       data     extern E:\3.46\pic18-lt\cxx-framework\src\traditional\proc\p18f4610.asm
              OSCTUNEbits   0x000f9b       data     extern E:\3.46\pic18-lt\cxx-framework\src\traditional\proc\p18f4610.asm
                       PC   0x000ff9       data     extern E:\3.46\pic18-lt\cxx-framework\src\traditional\proc\p18f4610.asm
                      PCL   0x000ff9       data     extern E:\3.46\pic18-lt\cxx-framework\src\traditional\proc\p18f4610.asm
                   PCLATH   0x000ffa       data     extern E:\3.46\pic18-lt\cxx-framework\src\traditional\proc\p18f4610.asm
                   PCLATU   0x000ffb       data     extern E:\3.46\pic18-lt\cxx-framework\src\traditional\proc\p18f4610.asm
                     PIE1   0x000f9d       data     extern E:\3.46\pic18-lt\cxx-framework\src\traditional\proc\p18f4610.asm
                 PIE1bits   0x000f9d       data     extern E:\3.46\pic18-lt\cxx-framework\src\traditional\proc\p18f4610.asm
                     PIE2   0x000fa0       data     extern E:\3.46\pic18-lt\cxx-framework\src\traditional\proc\p18f4610.asm
                 PIE2bits   0x000fa0       data     extern E:\3.46\pic18-lt\cxx-framework\src\traditional\proc\p18f4610.asm
                     PIR1   0x000f9e       data     extern E:\3.46\pic18-lt\cxx-framework\src\traditional\proc\p18f4610.asm
                 PIR1bits   0x000f9e       data     extern E:\3.46\pic18-lt\cxx-framework\src\traditional\proc\p18f4610.asm
                     PIR2   0x000fa1       data     extern E:\3.46\pic18-lt\cxx-framework\src\traditional\proc\p18f4610.asm
                 PIR2bits   0x000fa1       data     extern E:\3.46\pic18-lt\cxx-framework\src\traditional\proc\p18f4610.asm
                   PLUSW0   0x000feb       data     extern E:\3.46\pic18-lt\cxx-framework\src\traditional\proc\p18f4610.asm
                   PLUSW1   0x000fe3       data     extern E:\3.46\pic18-lt\cxx-framework\src\traditional\proc\p18f4610.asm
                   PLUSW2   0x000fdb       data     extern E:\3.46\pic18-lt\cxx-framework\src\traditional\proc\p18f4610.asm
                    PORTA   0x000f80       data     extern E:\3.46\pic18-lt\cxx-framework\src\traditional\proc\p18f4610.asm
                PORTAbits   0x000f80       data     extern E:\3.46\pic18-lt\cxx-framework\src\traditional\proc\p18f4610.asm
                    PORTB   0x000f81       data     extern E:\3.46\pic18-lt\cxx-framework\src\traditional\proc\p18f4610.asm
                PORTBbits   0x000f81       data     extern E:\3.46\pic18-lt\cxx-framework\src\traditional\proc\p18f4610.asm
                    PORTC   0x000f82       data     extern E:\3.46\pic18-lt\cxx-framework\src\traditional\proc\p18f4610.asm
                PORTCbits   0x000f82       data     extern E:\3.46\pic18-lt\cxx-framework\src\traditional\proc\p18f4610.asm
                    PORTD   0x000f83       data     extern E:\3.46\pic18-lt\cxx-framework\src\traditional\proc\p18f4610.asm
                PORTDbits   0x000f83       data     extern E:\3.46\pic18-lt\cxx-framework\src\traditional\proc\p18f4610.asm
                    PORTE   0x000f84       data     extern E:\3.46\pic18-lt\cxx-framework\src\traditional\proc\p18f4610.asm
                PORTEbits   0x000f84       data     extern E:\3.46\pic18-lt\cxx-framework\src\traditional\proc\p18f4610.asm
                 POSTDEC0   0x000fed       data     extern E:\3.46\pic18-lt\cxx-framework\src\traditional\proc\p18f4610.asm
                 POSTDEC1   0x000fe5       data     extern E:\3.46\pic18-lt\cxx-framework\src\traditional\proc\p18f4610.asm
                 POSTDEC2   0x000fdd       data     extern E:\3.46\pic18-lt\cxx-framework\src\traditional\proc\p18f4610.asm
                 POSTINC0   0x000fee       data     extern E:\3.46\pic18-lt\cxx-framework\src\traditional\proc\p18f4610.asm
                 POSTINC1   0x000fe6       data     extern E:\3.46\pic18-lt\cxx-framework\src\traditional\proc\p18f4610.asm
                 POSTINC2   0x000fde       data     extern E:\3.46\pic18-lt\cxx-framework\src\traditional\proc\p18f4610.asm
                     PPG1   0x0001ae       data     extern C:\Users\Michael\Desktop\FunktionsGeneratorC18\main.c
                     PPG2   0x0001b7       data     extern C:\Users\Michael\Desktop\FunktionsGeneratorC18\main.c
                     PPG3   0x0001c0       data     extern C:\Users\Michael\Desktop\FunktionsGeneratorC18\main.c
                     PPG4   0x0001c9       data     extern C:\Users\Michael\Desktop\FunktionsGeneratorC18\main.c
              PPGLOADING1   0x00016d       data     extern C:\Users\Michael\Desktop\FunktionsGeneratorC18\main.c
              PPGLOADING2   0x000176       data     extern C:\Users\Michael\Desktop\FunktionsGeneratorC18\main.c
              PPG_CH1_amp   0x0001d6       data     extern C:\Users\Michael\Desktop\FunktionsGeneratorC18\main.c
              PPG_CH2_amp   0x0001d8       data     extern C:\Users\Michael\Desktop\FunktionsGeneratorC18\main.c
      PPG_Saved_Frequency   0x000080       data     extern C:\Users\Michael\Desktop\FunktionsGeneratorC18\main.c
            PPG_frequency   0x0001d2       data     extern C:\Users\Michael\Desktop\FunktionsGeneratorC18\main.c
                PPG_phase   0x0001da       data     extern C:\Users\Michael\Desktop\FunktionsGeneratorC18\main.c
       PPG_reset_firstrun   0x0001dc       data     extern C:\Users\Michael\Desktop\FunktionsGeneratorC18\main.c
            PPG_save_msg1   0x000137       data     extern C:\Users\Michael\Desktop\FunktionsGeneratorC18\main.c
            PPG_save_msg2   0x000140       data     extern C:\Users\Michael\Desktop\FunktionsGeneratorC18\main.c
            PPG_save_msg3   0x000149       data     extern C:\Users\Michael\Desktop\FunktionsGeneratorC18\main.c
            PPG_save_msg4   0x000152       data     extern C:\Users\Michael\Desktop\FunktionsGeneratorC18\main.c
                      PR2   0x000fcb       data     extern E:\3.46\pic18-lt\cxx-framework\src\traditional\proc\p18f4610.asm
                  PREINC0   0x000fec       data     extern E:\3.46\pic18-lt\cxx-framework\src\traditional\proc\p18f4610.asm
                  PREINC1   0x000fe4       data     extern E:\3.46\pic18-lt\cxx-framework\src\traditional\proc\p18f4610.asm
                  PREINC2   0x000fdc       data     extern E:\3.46\pic18-lt\cxx-framework\src\traditional\proc\p18f4610.asm
                     PROD   0x000ff3       data     extern E:\3.46\pic18-lt\cxx-framework\src\traditional\proc\p18f4610.asm
                    PRODH   0x000ff4       data     extern E:\3.46\pic18-lt\cxx-framework\src\traditional\proc\p18f4610.asm
                    PRODL   0x000ff3       data     extern E:\3.46\pic18-lt\cxx-framework\src\traditional\proc\p18f4610.asm
                  PWM1CON   0x000fb7       data     extern E:\3.46\pic18-lt\cxx-framework\src\traditional\proc\p18f4610.asm
              PWM1CONbits   0x000fb7       data     extern E:\3.46\pic18-lt\cxx-framework\src\traditional\proc\p18f4610.asm
                     RCON   0x000fd0       data     extern E:\3.46\pic18-lt\cxx-framework\src\traditional\proc\p18f4610.asm
                 RCONbits   0x000fd0       data     extern E:\3.46\pic18-lt\cxx-framework\src\traditional\proc\p18f4610.asm
                    RCREG   0x000fae       data     extern E:\3.46\pic18-lt\cxx-framework\src\traditional\proc\p18f4610.asm
                    RCSTA   0x000fab       data     extern E:\3.46\pic18-lt\cxx-framework\src\traditional\proc\p18f4610.asm
                RCSTAbits   0x000fab       data     extern E:\3.46\pic18-lt\cxx-framework\src\traditional\proc\p18f4610.asm
               SERIAL_cmd   0x0000c4       data     extern C:\Users\Michael\Desktop\FunktionsGeneratorC18\main.c
              SERIAL_data   0x0000a4       data     extern C:\Users\Michael\Desktop\FunktionsGeneratorC18\main.c
               SERIAL_pos   0x000116       data     extern C:\Users\Michael\Desktop\FunktionsGeneratorC18\main.c
         SERIAL_readstate   0x000118       data     extern C:\Users\Michael\Desktop\FunktionsGeneratorC18\main.c
              SERIAL_send   0x000084       data     extern C:\Users\Michael\Desktop\FunktionsGeneratorC18\main.c
             SERIAL_valid   0x000114       data     extern C:\Users\Michael\Desktop\FunktionsGeneratorC18\main.c
                SHUTDOWN1   0x000198       data     extern C:\Users\Michael\Desktop\FunktionsGeneratorC18\main.c
                SHUTDOWN2   0x0001a1       data     extern C:\Users\Michael\Desktop\FunktionsGeneratorC18\main.c
                     SIGN   0x00000e       data     extern E:\3.46\pic18-lt\cxx-framework\src\traditional\math\cmath18.asm
                    SPBRG   0x000faf       data     extern E:\3.46\pic18-lt\cxx-framework\src\traditional\proc\p18f4610.asm
                   SPBRGH   0x000fb0       data     extern E:\3.46\pic18-lt\cxx-framework\src\traditional\proc\p18f4610.asm
                   SSPADD   0x000fc8       data     extern E:\3.46\pic18-lt\cxx-framework\src\traditional\proc\p18f4610.asm
                   SSPBUF   0x000fc9       data     extern E:\3.46\pic18-lt\cxx-framework\src\traditional\proc\p18f4610.asm
                  SSPCON1   0x000fc6       data     extern E:\3.46\pic18-lt\cxx-framework\src\traditional\proc\p18f4610.asm
              SSPCON1bits   0x000fc6       data     extern E:\3.46\pic18-lt\cxx-framework\src\traditional\proc\p18f4610.asm
                  SSPCON2   0x000fc5       data     extern E:\3.46\pic18-lt\cxx-framework\src\traditional\proc\p18f4610.asm
              SSPCON2bits   0x000fc5       data     extern E:\3.46\pic18-lt\cxx-framework\src\traditional\proc\p18f4610.asm
                  SSPSTAT   0x000fc7       data     extern E:\3.46\pic18-lt\cxx-framework\src\traditional\proc\p18f4610.asm
              SSPSTATbits   0x000fc7       data     extern E:\3.46\pic18-lt\cxx-framework\src\traditional\proc\p18f4610.asm
                   STATUS   0x000fd8       data     extern E:\3.46\pic18-lt\cxx-framework\src\traditional\proc\p18f4610.asm
               STATUSbits   0x000fd8       data     extern E:\3.46\pic18-lt\cxx-framework\src\traditional\proc\p18f4610.asm
                   STKPTR   0x000ffc       data     extern E:\3.46\pic18-lt\cxx-framework\src\traditional\proc\p18f4610.asm
               STKPTRbits   0x000ffc       data     extern E:\3.46\pic18-lt\cxx-framework\src\traditional\proc\p18f4610.asm
                    T0CON   0x000fd5       data     extern E:\3.46\pic18-lt\cxx-framework\src\traditional\proc\p18f4610.asm
                T0CONbits   0x000fd5       data     extern E:\3.46\pic18-lt\cxx-framework\src\traditional\proc\p18f4610.asm
                    T1CON   0x000fcd       data     extern E:\3.46\pic18-lt\cxx-framework\src\traditional\proc\p18f4610.asm
                T1CONbits   0x000fcd       data     extern E:\3.46\pic18-lt\cxx-framework\src\traditional\proc\p18f4610.asm
                    T2CON   0x000fca       data     extern E:\3.46\pic18-lt\cxx-framework\src\traditional\proc\p18f4610.asm
                T2CONbits   0x000fca       data     extern E:\3.46\pic18-lt\cxx-framework\src\traditional\proc\p18f4610.asm
                    T3CON   0x000fb1       data     extern E:\3.46\pic18-lt\cxx-framework\src\traditional\proc\p18f4610.asm
                T3CONbits   0x000fb1       data     extern E:\3.46\pic18-lt\cxx-framework\src\traditional\proc\p18f4610.asm
                   TABLAT   0x000ff5       data     extern E:\3.46\pic18-lt\cxx-framework\src\traditional\proc\p18f4610.asm
                   TBLPTR   0x000ff6       data     extern E:\3.46\pic18-lt\cxx-framework\src\traditional\proc\p18f4610.asm
                  TBLPTRH   0x000ff7       data     extern E:\3.46\pic18-lt\cxx-framework\src\traditional\proc\p18f4610.asm
                  TBLPTRL   0x000ff6       data     extern E:\3.46\pic18-lt\cxx-framework\src\traditional\proc\p18f4610.asm
                  TBLPTRU   0x000ff8       data     extern E:\3.46\pic18-lt\cxx-framework\src\traditional\proc\p18f4610.asm
                    TMR0H   0x000fd7       data     extern E:\3.46\pic18-lt\cxx-framework\src\traditional\proc\p18f4610.asm
                    TMR0L   0x000fd6       data     extern E:\3.46\pic18-lt\cxx-framework\src\traditional\proc\p18f4610.asm
                    TMR1H   0x000fcf       data     extern E:\3.46\pic18-lt\cxx-framework\src\traditional\proc\p18f4610.asm
                    TMR1L   0x000fce       data     extern E:\3.46\pic18-lt\cxx-framework\src\traditional\proc\p18f4610.asm
                     TMR2   0x000fcc       data     extern E:\3.46\pic18-lt\cxx-framework\src\traditional\proc\p18f4610.asm
                    TMR3H   0x000fb3       data     extern E:\3.46\pic18-lt\cxx-framework\src\traditional\proc\p18f4610.asm
                    TMR3L   0x000fb2       data     extern E:\3.46\pic18-lt\cxx-framework\src\traditional\proc\p18f4610.asm
                      TOS   0x000ffd       data     extern E:\3.46\pic18-lt\cxx-framework\src\traditional\proc\p18f4610.asm
                     TOSH   0x000ffe       data     extern E:\3.46\pic18-lt\cxx-framework\src\traditional\proc\p18f4610.asm
                     TOSL   0x000ffd       data     extern E:\3.46\pic18-lt\cxx-framework\src\traditional\proc\p18f4610.asm
                     TOSU   0x000fff       data     extern E:\3.46\pic18-lt\cxx-framework\src\traditional\proc\p18f4610.asm
                    TRISA   0x000f92       data     extern E:\3.46\pic18-lt\cxx-framework\src\traditional\proc\p18f4610.asm
                TRISAbits   0x000f92       data     extern E:\3.46\pic18-lt\cxx-framework\src\traditional\proc\p18f4610.asm
                    TRISB   0x000f93       data     extern E:\3.46\pic18-lt\cxx-framework\src\traditional\proc\p18f4610.asm
                TRISBbits   0x000f93       data     extern E:\3.46\pic18-lt\cxx-framework\src\traditional\proc\p18f4610.asm
                    TRISC   0x000f94       data     extern E:\3.46\pic18-lt\cxx-framework\src\traditional\proc\p18f4610.asm
                TRISCbits   0x000f94       data     extern E:\3.46\pic18-lt\cxx-framework\src\traditional\proc\p18f4610.asm
                    TRISD   0x000f95       data     extern E:\3.46\pic18-lt\cxx-framework\src\traditional\proc\p18f4610.asm
                TRISDbits   0x000f95       data     extern E:\3.46\pic18-lt\cxx-framework\src\traditional\proc\p18f4610.asm
                    TRISE   0x000f96       data     extern E:\3.46\pic18-lt\cxx-framework\src\traditional\proc\p18f4610.asm
                TRISEbits   0x000f96       data     extern E:\3.46\pic18-lt\cxx-framework\src\traditional\proc\p18f4610.asm
                    TXREG   0x000fad       data     extern E:\3.46\pic18-lt\cxx-framework\src\traditional\proc\p18f4610.asm
                    TXSTA   0x000fac       data     extern E:\3.46\pic18-lt\cxx-framework\src\traditional\proc\p18f4610.asm
                TXSTAbits   0x000fac       data     extern E:\3.46\pic18-lt\cxx-framework\src\traditional\proc\p18f4610.asm
           USART_MAX_READ   0x00011a       data     extern C:\Users\Michael\Desktop\FunktionsGeneratorC18\main.c
             USART_Status   0x0000ee       data     extern E:\3.46\pic18-lt\cxx-framework\src\pmc_common\USART\udefs.c
                        W   0x000fe8       data     extern E:\3.46\pic18-lt\cxx-framework\src\traditional\proc\p18f4610.asm
                   WDTCON   0x000fd1       data     extern E:\3.46\pic18-lt\cxx-framework\src\traditional\proc\p18f4610.asm
               WDTCONbits   0x000fd1       data     extern E:\3.46\pic18-lt\cxx-framework\src\traditional\proc\p18f4610.asm
                     WREG   0x000fe8       data     extern E:\3.46\pic18-lt\cxx-framework\src\traditional\proc\p18f4610.asm
                Wait_Time   0x000100       data     static C:\Users\Michael\Desktop\FunktionsGeneratorC18\main.c
                 __AARGB0   0x000007       data     extern E:\3.46\pic18-lt\cxx-framework\src\traditional\math\aarg.asm
                 __AARGB1   0x000006       data     extern E:\3.46\pic18-lt\cxx-framework\src\traditional\math\aarg.asm
                 __AARGB2   0x000005       data     extern E:\3.46\pic18-lt\cxx-framework\src\traditional\math\aarg.asm
                 __AARGB3   0x000004       data     extern E:\3.46\pic18-lt\cxx-framework\src\traditional\math\aarg.asm
                 __AARGB4   0x000003       data     extern E:\3.46\pic18-lt\cxx-framework\src\traditional\math\aarg.asm
                 __AARGB5   0x000002       data     extern E:\3.46\pic18-lt\cxx-framework\src\traditional\math\aarg.asm
                 __AARGB6   0x000001       data     extern E:\3.46\pic18-lt\cxx-framework\src\traditional\math\aarg.asm
                 __AARGB7   0x000000       data     extern E:\3.46\pic18-lt\cxx-framework\src\traditional\math\aarg.asm
                   __AEXP   0x000008       data     extern E:\3.46\pic18-lt\cxx-framework\src\traditional\math\aarg.asm
                 __BARGB0   0x00000c       data     extern E:\3.46\pic18-lt\cxx-framework\src\traditional\math\barg.asm
                 __BARGB1   0x00000b       data     extern E:\3.46\pic18-lt\cxx-framework\src\traditional\math\barg.asm
                 __BARGB2   0x00000a       data     extern E:\3.46\pic18-lt\cxx-framework\src\traditional\math\barg.asm
                 __BARGB3   0x000009       data     extern E:\3.46\pic18-lt\cxx-framework\src\traditional\math\barg.asm
                   __BEXP   0x00000d       data     extern E:\3.46\pic18-lt\cxx-framework\src\traditional\math\barg.asm
                __FPFLAGS   0x00000f       data     extern E:\3.46\pic18-lt\cxx-framework\src\traditional\math\cmath18.asm
            __FPFLAGSbits   0x00000f       data     extern E:\3.46\pic18-lt\cxx-framework\src\traditional\math\cmath18.asm
                  __REMB0   0x000003       data     extern E:\3.46\pic18-lt\cxx-framework\src\traditional\math\aarg.asm
                  __REMB1   0x000002       data     extern E:\3.46\pic18-lt\cxx-framework\src\traditional\math\aarg.asm
                  __REMB2   0x000001       data     extern E:\3.46\pic18-lt\cxx-framework\src\traditional\math\aarg.asm
                  __REMB3   0x000000       data     extern E:\3.46\pic18-lt\cxx-framework\src\traditional\math\aarg.asm
                   __TEMP   0x000013       data     extern E:\3.46\pic18-lt\cxx-framework\src\traditional\math\temparg.asm
                 __TEMPB0   0x000013       data     extern E:\3.46\pic18-lt\cxx-framework\src\traditional\math\temparg.asm
                 __TEMPB1   0x000012       data     extern E:\3.46\pic18-lt\cxx-framework\src\traditional\math\temparg.asm
                 __TEMPB2   0x000011       data     extern E:\3.46\pic18-lt\cxx-framework\src\traditional\math\temparg.asm
                 __TEMPB3   0x000010       data     extern E:\3.46\pic18-lt\cxx-framework\src\traditional\math\temparg.asm
                  __tmp_0   0x000014       data     static E:\3.46\pic18-lt\cxx-framework\src\traditional\stdclib\sprintf.c
                  __tmp_0   0x000014       data     static E:\3.46\pic18-lt\cxx-framework\src\traditional\stdclib\vfprintf.c
                  __tmp_0   0x000014       data     static E:\3.46\pic18-lt\cxx-framework\src\traditional\stdclib\putc.c
                  __tmp_0   0x000014       data     static E:\3.46\pic18-lt\cxx-framework\src\pmc_common\USART\uopen.c
                  __tmp_0   0x000014       data     static C:\Users\Michael\Desktop\FunktionsGeneratorC18\main.c
                curr_byte   0x0000e7       data     static E:\3.46\pic18-lt\cxx-framework\src\traditional\startup\c018i.c
               curr_entry   0x0000e9       data     static E:\3.46\pic18-lt\cxx-framework\src\traditional\startup\c018i.c
                 data_ptr   0x0000eb       data     static E:\3.46\pic18-lt\cxx-framework\src\traditional\startup\c018i.c
                  numbers   0x00012c       data     extern C:\Users\Michael\Desktop\FunktionsGeneratorC18\main.c
                     prom   0x0000e4       data     static E:\3.46\pic18-lt\cxx-framework\src\traditional\startup\c018i.c
              reload_msg1   0x00017f       data     extern C:\Users\Michael\Desktop\FunktionsGeneratorC18\main.c
              reload_msg2   0x000188       data     extern C:\Users\Michael\Desktop\FunktionsGeneratorC18\main.c
               terminated   0x0001aa       data     extern C:\Users\Michael\Desktop\FunktionsGeneratorC18\main.c



                              Symbols - Sorted by Address
                     Name    Address   Location    Storage File                     
                ---------  ---------  ---------  --------- ---------                
                   _entry   0x000000    program     extern E:\3.46\pic18-lt\cxx-framework\src\traditional\startup\c018i.c
       ___return_lbl00000   0x000004    program     static                          
               _user_putc   0x000006    program     extern E:\3.46\pic18-lt\cxx-framework\src\traditional\stdclib\_user_putc.c
               button_int   0x000008    program     extern C:\Users\Michael\Desktop\FunktionsGeneratorC18\main.c
       ___return_lbl00027   0x00000c    program     static                          
           button_handler   0x00000e    program     extern C:\Users\Michael\Desktop\FunktionsGeneratorC18\main.c
                initPorts   0x000032    program     extern C:\Users\Michael\Desktop\FunktionsGeneratorC18\main.c
              myOpenUSART   0x000068    program     extern C:\Users\Michael\Desktop\FunktionsGeneratorC18\main.c
                    error   0x00007e    program     extern C:\Users\Michael\Desktop\FunktionsGeneratorC18\main.c
            readFromUSART   0x000160    program     extern C:\Users\Michael\Desktop\FunktionsGeneratorC18\main.c
            putsUSARTecho   0x0001f2    program     extern C:\Users\Michael\Desktop\FunktionsGeneratorC18\main.c
               changeMode   0x000272    program     extern C:\Users\Michael\Desktop\FunktionsGeneratorC18\main.c
                 PPG_save   0x000322    program     extern C:\Users\Michael\Desktop\FunktionsGeneratorC18\main.c
                 PPG_read   0x0003ca    program     extern C:\Users\Michael\Desktop\FunktionsGeneratorC18\main.c
               handleIdle   0x00070c    program     extern C:\Users\Michael\Desktop\FunktionsGeneratorC18\main.c
       menuValidateCursor   0x000808    program     extern C:\Users\Michael\Desktop\FunktionsGeneratorC18\main.c
          PPG_USART_reset   0x00090c    program     extern C:\Users\Michael\Desktop\FunktionsGeneratorC18\main.c
               menuChange   0x0009c6    program     extern C:\Users\Michael\Desktop\FunktionsGeneratorC18\main.c
                handleMsg   0x000e08    program     extern C:\Users\Michael\Desktop\FunktionsGeneratorC18\main.c
               handleMenu   0x000ed2    program     extern C:\Users\Michael\Desktop\FunktionsGeneratorC18\main.c
                  __pa_25   0x001018    program     static C:\Users\Michael\Desktop\FunktionsGeneratorC18\main.c
                  __pa_26   0x00105e    program     static C:\Users\Michael\Desktop\FunktionsGeneratorC18\main.c
                  __pa_27   0x001066    program     static C:\Users\Michael\Desktop\FunktionsGeneratorC18\main.c
                  __pa_28   0x001076    program     static C:\Users\Michael\Desktop\FunktionsGeneratorC18\main.c
                  __pa_29   0x0010a2    program     static C:\Users\Michael\Desktop\FunktionsGeneratorC18\main.c
                  __pa_30   0x0010b6    program     static C:\Users\Michael\Desktop\FunktionsGeneratorC18\main.c
                  __pa_31   0x0010ca    program     static C:\Users\Michael\Desktop\FunktionsGeneratorC18\main.c
                  __pa_32   0x0010ec    program     static C:\Users\Michael\Desktop\FunktionsGeneratorC18\main.c
                  __pa_33   0x0010f2    program     static C:\Users\Michael\Desktop\FunktionsGeneratorC18\main.c
                  __pa_34   0x001106    program     static C:\Users\Michael\Desktop\FunktionsGeneratorC18\main.c
                  __pa_35   0x001126    program     static C:\Users\Michael\Desktop\FunktionsGeneratorC18\main.c
                  __pa_36   0x001140    program     static C:\Users\Michael\Desktop\FunktionsGeneratorC18\main.c
                  __pa_37   0x00114a    program     static C:\Users\Michael\Desktop\FunktionsGeneratorC18\main.c
                  __pa_38   0x001156    program     static C:\Users\Michael\Desktop\FunktionsGeneratorC18\main.c
                  __pa_39   0x00118c    program     static C:\Users\Michael\Desktop\FunktionsGeneratorC18\main.c
                  __pa_40   0x00119a    program     static C:\Users\Michael\Desktop\FunktionsGeneratorC18\main.c
                  __pa_41   0x0011b8    program     static C:\Users\Michael\Desktop\FunktionsGeneratorC18\main.c
              __tmplbl_51   0x0011c0    program     static                          
              __tmplbl_44   0x0011c0    program     static                          
              __tmplbl_45   0x0011c0    program     static                          
              __tmplbl_47   0x0011c0    program     static                          
              __tmplbl_49   0x0011c0    program     static                          
              __tmplbl_64   0x0011c0    program     static                          
              __tmplbl_60   0x0011c0    program     static                          
              __tmplbl_50   0x0011c0    program     static                          
              __tmplbl_62   0x0011c0    program     static                          
                  __pa_42   0x0011c0    program     static C:\Users\Michael\Desktop\FunktionsGeneratorC18\main.c
              __tmplbl_61   0x0011c0    program     static                          
                  __pa_43   0x0011ca    program     static C:\Users\Michael\Desktop\FunktionsGeneratorC18\main.c
[...]
                     DDRA   0x000f92       data     extern E:\3.46\pic18-lt\cxx-framework\src\traditional\proc\p18f4610.asm
                TRISBbits   0x000f93       data     extern E:\3.46\pic18-lt\cxx-framework\src\traditional\proc\p18f4610.asm
                    TRISB   0x000f93       data     extern E:\3.46\pic18-lt\cxx-framework\src\traditional\proc\p18f4610.asm
                     DDRB   0x000f93       data     extern E:\3.46\pic18-lt\cxx-framework\src\traditional\proc\p18f4610.asm
                 DDRBbits   0x000f93       data     extern E:\3.46\pic18-lt\cxx-framework\src\traditional\proc\p18f4610.asm
                     DDRC   0x000f94       data     extern E:\3.46\pic18-lt\cxx-framework\src\traditional\proc\p18f4610.asm
                 DDRCbits   0x000f94       data     extern E:\3.46\pic18-lt\cxx-framework\src\traditional\proc\p18f4610.asm
                    TRISC   0x000f94       data     extern E:\3.46\pic18-lt\cxx-framework\src\traditional\proc\p18f4610.asm
                TRISCbits   0x000f94       data     extern E:\3.46\pic18-lt\cxx-framework\src\traditional\proc\p18f4610.asm
                TRISDbits   0x000f95       data     extern E:\3.46\pic18-lt\cxx-framework\src\traditional\proc\p18f4610.asm
                    TRISD   0x000f95       data     extern E:\3.46\pic18-lt\cxx-framework\src\traditional\proc\p18f4610.asm
                     DDRD   0x000f95       data     extern E:\3.46\pic18-lt\cxx-framework\src\traditional\proc\p18f4610.asm
                 DDRDbits   0x000f95       data     extern E:\3.46\pic18-lt\cxx-framework\src\traditional\proc\p18f4610.asm
                    TRISE   0x000f96       data     extern E:\3.46\pic18-lt\cxx-framework\src\traditional\proc\p18f4610.asm
                     DDRE   0x000f96       data     extern E:\3.46\pic18-lt\cxx-framework\src\traditional\proc\p18f4610.asm
                 DDREbits   0x000f96       data     extern E:\3.46\pic18-lt\cxx-framework\src\traditional\proc\p18f4610.asm
                TRISEbits   0x000f96       data     extern E:\3.46\pic18-lt\cxx-framework\src\traditional\proc\p18f4610.asm
              OSCTUNEbits   0x000f9b       data     extern E:\3.46\pic18-lt\cxx-framework\src\traditional\proc\p18f4610.asm
                  OSCTUNE   0x000f9b       data     extern E:\3.46\pic18-lt\cxx-framework\src\traditional\proc\p18f4610.asm
                     PIE1   0x000f9d       data     extern E:\3.46\pic18-lt\cxx-framework\src\traditional\proc\p18f4610.asm
                 PIE1bits   0x000f9d       data     extern E:\3.46\pic18-lt\cxx-framework\src\traditional\proc\p18f4610.asm
                     PIR1   0x000f9e       data     extern E:\3.46\pic18-lt\cxx-framework\src\traditional\proc\p18f4610.asm
                 PIR1bits   0x000f9e       data     extern E:\3.46\pic18-lt\cxx-framework\src\traditional\proc\p18f4610.asm
                 IPR1bits   0x000f9f       data     extern E:\3.46\pic18-lt\cxx-framework\src\traditional\proc\p18f4610.asm
                     IPR1   0x000f9f       data     extern E:\3.46\pic18-lt\cxx-framework\src\traditional\proc\p18f4610.asm
                     PIE2   0x000fa0       data     extern E:\3.46\pic18-lt\cxx-framework\src\traditional\proc\p18f4610.asm
                 PIE2bits   0x000fa0       data     extern E:\3.46\pic18-lt\cxx-framework\src\traditional\proc\p18f4610.asm
                     PIR2   0x000fa1       data     extern E:\3.46\pic18-lt\cxx-framework\src\traditional\proc\p18f4610.asm
                 PIR2bits   0x000fa1       data     extern E:\3.46\pic18-lt\cxx-framework\src\traditional\proc\p18f4610.asm
                 IPR2bits   0x000fa2       data     extern E:\3.46\pic18-lt\cxx-framework\src\traditional\proc\p18f4610.asm
                     IPR2   0x000fa2       data     extern E:\3.46\pic18-lt\cxx-framework\src\traditional\proc\p18f4610.asm
                RCSTAbits   0x000fab       data     extern E:\3.46\pic18-lt\cxx-framework\src\traditional\proc\p18f4610.asm
                    RCSTA   0x000fab       data     extern E:\3.46\pic18-lt\cxx-framework\src\traditional\proc\p18f4610.asm
                TXSTAbits   0x000fac       data     extern E:\3.46\pic18-lt\cxx-framework\src\traditional\proc\p18f4610.asm
                    TXSTA   0x000fac       data     extern E:\3.46\pic18-lt\cxx-framework\src\traditional\proc\p18f4610.asm
                    TXREG   0x000fad       data     extern E:\3.46\pic18-lt\cxx-framework\src\traditional\proc\p18f4610.asm
                    RCREG   0x000fae       data     extern E:\3.46\pic18-lt\cxx-framework\src\traditional\proc\p18f4610.asm
                    SPBRG   0x000faf       data     extern E:\3.46\pic18-lt\cxx-framework\src\traditional\proc\p18f4610.asm
                   SPBRGH   0x000fb0       data     extern E:\3.46\pic18-lt\cxx-framework\src\traditional\proc\p18f4610.asm
                T3CONbits   0x000fb1       data     extern E:\3.46\pic18-lt\cxx-framework\src\traditional\proc\p18f4610.asm
                    T3CON   0x000fb1       data     extern E:\3.46\pic18-lt\cxx-framework\src\traditional\proc\p18f4610.asm
                    TMR3L   0x000fb2       data     extern E:\3.46\pic18-lt\cxx-framework\src\traditional\proc\p18f4610.asm
                    TMR3H   0x000fb3       data     extern E:\3.46\pic18-lt\cxx-framework\src\traditional\proc\p18f4610.asm
                CMCONbits   0x000fb4       data     extern E:\3.46\pic18-lt\cxx-framework\src\traditional\proc\p18f4610.asm
                    CMCON   0x000fb4       data     extern E:\3.46\pic18-lt\cxx-framework\src\traditional\proc\p18f4610.asm
               CVRCONbits   0x000fb5       data     extern E:\3.46\pic18-lt\cxx-framework\src\traditional\proc\p18f4610.asm
                   CVRCON   0x000fb5       data     extern E:\3.46\pic18-lt\cxx-framework\src\traditional\proc\p18f4610.asm
                  ECCP1AS   0x000fb6       data     extern E:\3.46\pic18-lt\cxx-framework\src\traditional\proc\p18f4610.asm
              ECCP1ASbits   0x000fb6       data     extern E:\3.46\pic18-lt\cxx-framework\src\traditional\proc\p18f4610.asm
                   ECCPAS   0x000fb6       data     extern E:\3.46\pic18-lt\cxx-framework\src\traditional\proc\p18f4610.asm
               ECCPASbits   0x000fb6       data     extern E:\3.46\pic18-lt\cxx-framework\src\traditional\proc\p18f4610.asm
                  PWM1CON   0x000fb7       data     extern E:\3.46\pic18-lt\cxx-framework\src\traditional\proc\p18f4610.asm
              PWM1CONbits   0x000fb7       data     extern E:\3.46\pic18-lt\cxx-framework\src\traditional\proc\p18f4610.asm
                  BAUDCON   0x000fb8       data     extern E:\3.46\pic18-lt\cxx-framework\src\traditional\proc\p18f4610.asm
              BAUDCONbits   0x000fb8       data     extern E:\3.46\pic18-lt\cxx-framework\src\traditional\proc\p18f4610.asm
                  BAUDCTL   0x000fb8       data     extern E:\3.46\pic18-lt\cxx-framework\src\traditional\proc\p18f4610.asm
              BAUDCTLbits   0x000fb8       data     extern E:\3.46\pic18-lt\cxx-framework\src\traditional\proc\p18f4610.asm
                  CCP2CON   0x000fba       data     extern E:\3.46\pic18-lt\cxx-framework\src\traditional\proc\p18f4610.asm
              CCP2CONbits   0x000fba       data     extern E:\3.46\pic18-lt\cxx-framework\src\traditional\proc\p18f4610.asm
                    CCPR2   0x000fbb       data     extern E:\3.46\pic18-lt\cxx-framework\src\traditional\proc\p18f4610.asm
                   CCPR2L   0x000fbb       data     extern E:\3.46\pic18-lt\cxx-framework\src\traditional\proc\p18f4610.asm
                   CCPR2H   0x000fbc       data     extern E:\3.46\pic18-lt\cxx-framework\src\traditional\proc\p18f4610.asm
              CCP1CONbits   0x000fbd       data     extern E:\3.46\pic18-lt\cxx-framework\src\traditional\proc\p18f4610.asm
                  CCP1CON   0x000fbd       data     extern E:\3.46\pic18-lt\cxx-framework\src\traditional\proc\p18f4610.asm
                    CCPR1   0x000fbe       data     extern E:\3.46\pic18-lt\cxx-framework\src\traditional\proc\p18f4610.asm
                   CCPR1L   0x000fbe       data     extern E:\3.46\pic18-lt\cxx-framework\src\traditional\proc\p18f4610.asm
                   CCPR1H   0x000fbf       data     extern E:\3.46\pic18-lt\cxx-framework\src\traditional\proc\p18f4610.asm
               ADCON2bits   0x000fc0       data     extern E:\3.46\pic18-lt\cxx-framework\src\traditional\proc\p18f4610.asm
                   ADCON2   0x000fc0       data     extern E:\3.46\pic18-lt\cxx-framework\src\traditional\proc\p18f4610.asm
               ADCON1bits   0x000fc1       data     extern E:\3.46\pic18-lt\cxx-framework\src\traditional\proc\p18f4610.asm
                   ADCON1   0x000fc1       data     extern E:\3.46\pic18-lt\cxx-framework\src\traditional\proc\p18f4610.asm
               ADCON0bits   0x000fc2       data     extern E:\3.46\pic18-lt\cxx-framework\src\traditional\proc\p18f4610.asm
                   ADCON0   0x000fc2       data     extern E:\3.46\pic18-lt\cxx-framework\src\traditional\proc\p18f4610.asm
                   ADRESL   0x000fc3       data     extern E:\3.46\pic18-lt\cxx-framework\src\traditional\proc\p18f4610.asm
                    ADRES   0x000fc3       data     extern E:\3.46\pic18-lt\cxx-framework\src\traditional\proc\p18f4610.asm
                   ADRESH   0x000fc4       data     extern E:\3.46\pic18-lt\cxx-framework\src\traditional\proc\p18f4610.asm
              SSPCON2bits   0x000fc5       data     extern E:\3.46\pic18-lt\cxx-framework\src\traditional\proc\p18f4610.asm
                  SSPCON2   0x000fc5       data     extern E:\3.46\pic18-lt\cxx-framework\src\traditional\proc\p18f4610.asm
                  SSPCON1   0x000fc6       data     extern E:\3.46\pic18-lt\cxx-framework\src\traditional\proc\p18f4610.asm
              SSPCON1bits   0x000fc6       data     extern E:\3.46\pic18-lt\cxx-framework\src\traditional\proc\p18f4610.asm
                  SSPSTAT   0x000fc7       data     extern E:\3.46\pic18-lt\cxx-framework\src\traditional\proc\p18f4610.asm
              SSPSTATbits   0x000fc7       data     extern E:\3.46\pic18-lt\cxx-framework\src\traditional\proc\p18f4610.asm
                   SSPADD   0x000fc8       data     extern E:\3.46\pic18-lt\cxx-framework\src\traditional\proc\p18f4610.asm
                   SSPBUF   0x000fc9       data     extern E:\3.46\pic18-lt\cxx-framework\src\traditional\proc\p18f4610.asm
                T2CONbits   0x000fca       data     extern E:\3.46\pic18-lt\cxx-framework\src\traditional\proc\p18f4610.asm
                    T2CON   0x000fca       data     extern E:\3.46\pic18-lt\cxx-framework\src\traditional\proc\p18f4610.asm
                      PR2   0x000fcb       data     extern E:\3.46\pic18-lt\cxx-framework\src\traditional\proc\p18f4610.asm
                     TMR2   0x000fcc       data     extern E:\3.46\pic18-lt\cxx-framework\src\traditional\proc\p18f4610.asm
                T1CONbits   0x000fcd       data     extern E:\3.46\pic18-lt\cxx-framework\src\traditional\proc\p18f4610.asm
                    T1CON   0x000fcd       data     extern E:\3.46\pic18-lt\cxx-framework\src\traditional\proc\p18f4610.asm
                    TMR1L   0x000fce       data     extern E:\3.46\pic18-lt\cxx-framework\src\traditional\proc\p18f4610.asm
                    TMR1H   0x000fcf       data     extern E:\3.46\pic18-lt\cxx-framework\src\traditional\proc\p18f4610.asm
                     RCON   0x000fd0       data     extern E:\3.46\pic18-lt\cxx-framework\src\traditional\proc\p18f4610.asm
                 RCONbits   0x000fd0       data     extern E:\3.46\pic18-lt\cxx-framework\src\traditional\proc\p18f4610.asm
                   WDTCON   0x000fd1       data     extern E:\3.46\pic18-lt\cxx-framework\src\traditional\proc\p18f4610.asm
               WDTCONbits   0x000fd1       data     extern E:\3.46\pic18-lt\cxx-framework\src\traditional\proc\p18f4610.asm
                  HLVDCON   0x000fd2       data     extern E:\3.46\pic18-lt\cxx-framework\src\traditional\proc\p18f4610.asm
              HLVDCONbits   0x000fd2       data     extern E:\3.46\pic18-lt\cxx-framework\src\traditional\proc\p18f4610.asm
               LVDCONbits   0x000fd2       data     extern E:\3.46\pic18-lt\cxx-framework\src\traditional\proc\p18f4610.asm
                   LVDCON   0x000fd2       data     extern E:\3.46\pic18-lt\cxx-framework\src\traditional\proc\p18f4610.asm
               OSCCONbits   0x000fd3       data     extern E:\3.46\pic18-lt\cxx-framework\src\traditional\proc\p18f4610.asm
                   OSCCON   0x000fd3       data     extern E:\3.46\pic18-lt\cxx-framework\src\traditional\proc\p18f4610.asm
                T0CONbits   0x000fd5       data     extern E:\3.46\pic18-lt\cxx-framework\src\traditional\proc\p18f4610.asm
                    T0CON   0x000fd5       data     extern E:\3.46\pic18-lt\cxx-framework\src\traditional\proc\p18f4610.asm
                    TMR0L   0x000fd6       data     extern E:\3.46\pic18-lt\cxx-framework\src\traditional\proc\p18f4610.asm
                    TMR0H   0x000fd7       data     extern E:\3.46\pic18-lt\cxx-framework\src\traditional\proc\p18f4610.asm
                   STATUS   0x000fd8       data     extern E:\3.46\pic18-lt\cxx-framework\src\traditional\proc\p18f4610.asm
               STATUSbits   0x000fd8       data     extern E:\3.46\pic18-lt\cxx-framework\src\traditional\proc\p18f4610.asm
                     FSR2   0x000fd9       data     extern E:\3.46\pic18-lt\cxx-framework\src\traditional\proc\p18f4610.asm
                    FSR2L   0x000fd9       data     extern E:\3.46\pic18-lt\cxx-framework\src\traditional\proc\p18f4610.asm
                    FSR2H   0x000fda       data     extern E:\3.46\pic18-lt\cxx-framework\src\traditional\proc\p18f4610.asm
                   PLUSW2   0x000fdb       data     extern E:\3.46\pic18-lt\cxx-framework\src\traditional\proc\p18f4610.asm
                  PREINC2   0x000fdc       data     extern E:\3.46\pic18-lt\cxx-framework\src\traditional\proc\p18f4610.asm
                 POSTDEC2   0x000fdd       data     extern E:\3.46\pic18-lt\cxx-framework\src\traditional\proc\p18f4610.asm
                 POSTINC2   0x000fde       data     extern E:\3.46\pic18-lt\cxx-framework\src\traditional\proc\p18f4610.asm
                    INDF2   0x000fdf       data     extern E:\3.46\pic18-lt\cxx-framework\src\traditional\proc\p18f4610.asm
                      BSR   0x000fe0       data     extern E:\3.46\pic18-lt\cxx-framework\src\traditional\proc\p18f4610.asm
                     FSR1   0x000fe1       data     extern E:\3.46\pic18-lt\cxx-framework\src\traditional\proc\p18f4610.asm
                    FSR1L   0x000fe1       data     extern E:\3.46\pic18-lt\cxx-framework\src\traditional\proc\p18f4610.asm
                    FSR1H   0x000fe2       data     extern E:\3.46\pic18-lt\cxx-framework\src\traditional\proc\p18f4610.asm
                   PLUSW1   0x000fe3       data     extern E:\3.46\pic18-lt\cxx-framework\src\traditional\proc\p18f4610.asm
                  PREINC1   0x000fe4       data     extern E:\3.46\pic18-lt\cxx-framework\src\traditional\proc\p18f4610.asm
                 POSTDEC1   0x000fe5       data     extern E:\3.46\pic18-lt\cxx-framework\src\traditional\proc\p18f4610.asm
                 POSTINC1   0x000fe6       data     extern E:\3.46\pic18-lt\cxx-framework\src\traditional\proc\p18f4610.asm
                    INDF1   0x000fe7       data     extern E:\3.46\pic18-lt\cxx-framework\src\traditional\proc\p18f4610.asm
                     WREG   0x000fe8       data     extern E:\3.46\pic18-lt\cxx-framework\src\traditional\proc\p18f4610.asm
                        W   0x000fe8       data     extern E:\3.46\pic18-lt\cxx-framework\src\traditional\proc\p18f4610.asm
                     FSR0   0x000fe9       data     extern E:\3.46\pic18-lt\cxx-framework\src\traditional\proc\p18f4610.asm
                    FSR0L   0x000fe9       data     extern E:\3.46\pic18-lt\cxx-framework\src\traditional\proc\p18f4610.asm
                    FSR0H   0x000fea       data     extern E:\3.46\pic18-lt\cxx-framework\src\traditional\proc\p18f4610.asm
                   PLUSW0   0x000feb       data     extern E:\3.46\pic18-lt\cxx-framework\src\traditional\proc\p18f4610.asm
                  PREINC0   0x000fec       data     extern E:\3.46\pic18-lt\cxx-framework\src\traditional\proc\p18f4610.asm
                 POSTDEC0   0x000fed       data     extern E:\3.46\pic18-lt\cxx-framework\src\traditional\proc\p18f4610.asm
                 POSTINC0   0x000fee       data     extern E:\3.46\pic18-lt\cxx-framework\src\traditional\proc\p18f4610.asm
                    INDF0   0x000fef       data     extern E:\3.46\pic18-lt\cxx-framework\src\traditional\proc\p18f4610.asm
                  INTCON3   0x000ff0       data     extern E:\3.46\pic18-lt\cxx-framework\src\traditional\proc\p18f4610.asm
              INTCON3bits   0x000ff0       data     extern E:\3.46\pic18-lt\cxx-framework\src\traditional\proc\p18f4610.asm
                  INTCON2   0x000ff1       data     extern E:\3.46\pic18-lt\cxx-framework\src\traditional\proc\p18f4610.asm
              INTCON2bits   0x000ff1       data     extern E:\3.46\pic18-lt\cxx-framework\src\traditional\proc\p18f4610.asm
                   INTCON   0x000ff2       data     extern E:\3.46\pic18-lt\cxx-framework\src\traditional\proc\p18f4610.asm
               INTCONbits   0x000ff2       data     extern E:\3.46\pic18-lt\cxx-framework\src\traditional\proc\p18f4610.asm
                    PRODL   0x000ff3       data     extern E:\3.46\pic18-lt\cxx-framework\src\traditional\proc\p18f4610.asm
                     PROD   0x000ff3       data     extern E:\3.46\pic18-lt\cxx-framework\src\traditional\proc\p18f4610.asm
                    PRODH   0x000ff4       data     extern E:\3.46\pic18-lt\cxx-framework\src\traditional\proc\p18f4610.asm
                   TABLAT   0x000ff5       data     extern E:\3.46\pic18-lt\cxx-framework\src\traditional\proc\p18f4610.asm
                  TBLPTRL   0x000ff6       data     extern E:\3.46\pic18-lt\cxx-framework\src\traditional\proc\p18f4610.asm
                   TBLPTR   0x000ff6       data     extern E:\3.46\pic18-lt\cxx-framework\src\traditional\proc\p18f4610.asm
                  TBLPTRH   0x000ff7       data     extern E:\3.46\pic18-lt\cxx-framework\src\traditional\proc\p18f4610.asm
                  TBLPTRU   0x000ff8       data     extern E:\3.46\pic18-lt\cxx-framework\src\traditional\proc\p18f4610.asm
                       PC   0x000ff9       data     extern E:\3.46\pic18-lt\cxx-framework\src\traditional\proc\p18f4610.asm
                      PCL   0x000ff9       data     extern E:\3.46\pic18-lt\cxx-framework\src\traditional\proc\p18f4610.asm
                   PCLATH   0x000ffa       data     extern E:\3.46\pic18-lt\cxx-framework\src\traditional\proc\p18f4610.asm
                   PCLATU   0x000ffb       data     extern E:\3.46\pic18-lt\cxx-framework\src\traditional\proc\p18f4610.asm
               STKPTRbits   0x000ffc       data     extern E:\3.46\pic18-lt\cxx-framework\src\traditional\proc\p18f4610.asm
                   STKPTR   0x000ffc       data     extern E:\3.46\pic18-lt\cxx-framework\src\traditional\proc\p18f4610.asm
                     TOSL   0x000ffd       data     extern E:\3.46\pic18-lt\cxx-framework\src\traditional\proc\p18f4610.asm
                      TOS   0x000ffd       data     extern E:\3.46\pic18-lt\cxx-framework\src\traditional\proc\p18f4610.asm
                     TOSH   0x000ffe       data     extern E:\3.46\pic18-lt\cxx-framework\src\traditional\proc\p18f4610.asm
                     TOSU   0x000fff       data     extern E:\3.46\pic18-lt\cxx-framework\src\traditional\proc\p18f4610.asm


